Archive member included to satisfy reference by file (symbol)

.pioenvs/arduino-oc1/libFrameworkArduino.a(HardwareSerial.cpp.o)
                              .pioenvs/arduino-oc1/src/demo.ino.cpp.o (Serial2)
.pioenvs/arduino-oc1/libFrameworkArduino.a(Print.cpp.o)
                              .pioenvs/arduino-oc1/libFrameworkArduino.a(HardwareSerial.cpp.o) (Print::write(unsigned char const*, unsigned int))
.pioenvs/arduino-oc1/libFrameworkArduino.a(abi.cpp.o)
                              .pioenvs/arduino-oc1/libFrameworkArduino.a(Print.cpp.o) (__cxa_pure_virtual)
.pioenvs/arduino-oc1/libFrameworkArduino.a(main.cpp.o)
                              /home/tve/.platformio/packages/toolchain-gccarmnoneeabi/bin/../lib/gcc/arm-none-eabi/7.2.1/../../../../arm-none-eabi/lib/thumb/v6-m/crt0.o (main)
.pioenvs/arduino-oc1/libFrameworkArduino.a(pinmap.c.o)
                              .pioenvs/arduino-oc1/libFrameworkArduino.a(HardwareSerial.cpp.o) (pinmap_pin)
.pioenvs/arduino-oc1/libFrameworkArduino.a(startup_stm32yyxx.S.o)
                              (Reset_Handler)
.pioenvs/arduino-oc1/libFrameworkArduino.a(system_stm32yyxx.c.o)
                              .pioenvs/arduino-oc1/libFrameworkArduino.a(startup_stm32yyxx.S.o) (SystemInit)
.pioenvs/arduino-oc1/libFrameworkArduino.a(uart.c.o)
                              .pioenvs/arduino-oc1/libFrameworkArduino.a(HardwareSerial.cpp.o) (uart_init)
.pioenvs/arduino-oc1/libFrameworkArduino.a(wiring_digital.c.o)
                              .pioenvs/arduino-oc1/src/demo.ino.cpp.o (pinMode)
.pioenvs/arduino-oc1/libFrameworkArduino.a(wiring_time.c.o)
                              .pioenvs/arduino-oc1/src/demo.ino.cpp.o (delay)
.pioenvs/arduino-oc1/libFrameworkArduino.a(board.c.o)
                              .pioenvs/arduino-oc1/libFrameworkArduino.a(main.cpp.o) (init)
.pioenvs/arduino-oc1/libFrameworkArduino.a(hooks.c.o)
                              .pioenvs/arduino-oc1/libFrameworkArduino.a(wiring_time.c.o) (yield)
.pioenvs/arduino-oc1/libFrameworkArduino.a(stm32yyxx_hal.c.o)
                              .pioenvs/arduino-oc1/libFrameworkArduino.a(uart.c.o) (HAL_GetTick)
.pioenvs/arduino-oc1/libFrameworkArduino.a(stm32yyxx_hal_cortex.c.o)
                              .pioenvs/arduino-oc1/libFrameworkArduino.a(uart.c.o) (HAL_NVIC_SetPriority)
.pioenvs/arduino-oc1/libFrameworkArduino.a(stm32yyxx_hal_gpio.c.o)
                              .pioenvs/arduino-oc1/libFrameworkArduino.a(uart.c.o) (HAL_GPIO_Init)
.pioenvs/arduino-oc1/libFrameworkArduino.a(stm32yyxx_hal_uart.c.o)
                              .pioenvs/arduino-oc1/libFrameworkArduino.a(uart.c.o) (HAL_UART_DeInit)
.pioenvs/arduino-oc1/libFrameworkArduino.a(stm32yyxx_hal_uart_ex.c.o)
                              .pioenvs/arduino-oc1/libFrameworkArduino.a(uart.c.o) (HAL_UARTEx_EnableStopMode)
.pioenvs/arduino-oc1/libFrameworkArduino.a(PinConfigured.c.o)
                              .pioenvs/arduino-oc1/libFrameworkArduino.a(wiring_digital.c.o) (is_pin_configured)
.pioenvs/arduino-oc1/libFrameworkArduino.a(PortNames.c.o)
                              .pioenvs/arduino-oc1/libFrameworkArduino.a(wiring_digital.c.o) (get_GPIO_Port)
.pioenvs/arduino-oc1/libFrameworkArduino.a(analog.c.o)
                              .pioenvs/arduino-oc1/libFrameworkArduino.a(wiring_digital.c.o) (dac_stop)
.pioenvs/arduino-oc1/libFrameworkArduino.a(clock.c.o)
                              .pioenvs/arduino-oc1/libFrameworkArduino.a(wiring_time.c.o) (GetCurrentMicro)
.pioenvs/arduino-oc1/libFrameworkArduino.a(digital_io.c.o)
                              .pioenvs/arduino-oc1/libFrameworkArduino.a(wiring_digital.c.o) (digital_io_init)
.pioenvs/arduino-oc1/libFrameworkArduino.a(hw_config.c.o)
                              .pioenvs/arduino-oc1/libFrameworkArduino.a(board.c.o) (hw_config_init)
.pioenvs/arduino-oc1/libFrameworkArduino.a(stm32_def.c.o)
                              .pioenvs/arduino-oc1/libFrameworkArduino.a(clock.c.o) (_Error_Handler)
.pioenvs/arduino-oc1/libFrameworkArduino.a(timer.c.o)
                              .pioenvs/arduino-oc1/libFrameworkArduino.a(analog.c.o) (timer_enable_clock)
.pioenvs/arduino-oc1/libFrameworkArduino.a(wiring_analog.c.o)
                              .pioenvs/arduino-oc1/libFrameworkArduino.a(wiring_digital.c.o) (g_anOutputPinConfigured)
.pioenvs/arduino-oc1/libFrameworkArduino.a(stm32yyxx_hal_adc.c.o)
                              .pioenvs/arduino-oc1/libFrameworkArduino.a(analog.c.o) (HAL_ADC_Init)
.pioenvs/arduino-oc1/libFrameworkArduino.a(stm32yyxx_hal_adc_ex.c.o)
                              .pioenvs/arduino-oc1/libFrameworkArduino.a(analog.c.o) (HAL_ADCEx_Calibration_Start)
.pioenvs/arduino-oc1/libFrameworkArduino.a(stm32yyxx_hal_dac.c.o)
                              .pioenvs/arduino-oc1/libFrameworkArduino.a(analog.c.o) (HAL_DAC_Init)
.pioenvs/arduino-oc1/libFrameworkArduino.a(stm32yyxx_hal_dma.c.o)
[...]
Memory Configuration

Name             Origin             Length             Attributes
FLASH            0x0000000008000000 0x0000000000010000 xr
RAM              0x0000000020000000 0x0000000000002000 xrw
*default*        0x0000000000000000 0xffffffffffffffff

Linker script and memory map

LOAD /home/tve/.platformio/packages/toolchain-gccarmnoneeabi/bin/../lib/gcc/arm-none-eabi/7.2.1/thumb/v6-m/crti.o
LOAD /home/tve/.platformio/packages/toolchain-gccarmnoneeabi/bin/../lib/gcc/arm-none-eabi/7.2.1/thumb/v6-m/crtbegin.o
LOAD /home/tve/.platformio/packages/toolchain-gccarmnoneeabi/bin/../lib/gcc/arm-none-eabi/7.2.1/../../../../arm-none-eabi/lib/thumb/v6-m/crt0.o
LOAD .pioenvs/arduino-oc1/src/demo.ino.cpp.o
START GROUP
LOAD .pioenvs/arduino-oc1/libFrameworkArduinoVariant.a
LOAD .pioenvs/arduino-oc1/libFrameworkArduino.a
LOAD /home/tve/.platformio/packages/toolchain-gccarmnoneeabi/bin/../lib/gcc/arm-none-eabi/7.2.1/thumb/v6-m/libgcc.a
LOAD /home/tve/.platformio/packages/toolchain-gccarmnoneeabi/bin/../lib/gcc/arm-none-eabi/7.2.1/../../../../arm-none-eabi/lib/thumb/v6-m/libstdc++_nano.a
LOAD /home/tve/.platformio/packages/framework-arduinoststm32/STM32/CMSIS/CMSIS/Lib/GCC/libarm_cortexM0l_math.a
LOAD /home/tve/.platformio/packages/toolchain-gccarmnoneeabi/bin/../lib/gcc/arm-none-eabi/7.2.1/../../../../arm-none-eabi/lib/thumb/v6-m/libc_nano.a
END GROUP
LOAD /home/tve/.platformio/packages/toolchain-gccarmnoneeabi/bin/../lib/gcc/arm-none-eabi/7.2.1/../../../../arm-none-eabi/lib/thumb/v6-m/libstdc++_nano.a
LOAD /home/tve/.platformio/packages/toolchain-gccarmnoneeabi/bin/../lib/gcc/arm-none-eabi/7.2.1/../../../../arm-none-eabi/lib/thumb/v6-m/libm.a
LOAD /home/tve/.platformio/packages/toolchain-gccarmnoneeabi/bin/../lib/gcc/arm-none-eabi/7.2.1/../../../../arm-none-eabi/lib/thumb/v6-m/libc_nano.a
START GROUP
LOAD /home/tve/.platformio/packages/toolchain-gccarmnoneeabi/bin/../lib/gcc/arm-none-eabi/7.2.1/thumb/v6-m/libgcc.a
LOAD /home/tve/.platformio/packages/toolchain-gccarmnoneeabi/bin/../lib/gcc/arm-none-eabi/7.2.1/../../../../arm-none-eabi/lib/thumb/v6-m/libc_nano.a
END GROUP
START GROUP
LOAD /home/tve/.platformio/packages/toolchain-gccarmnoneeabi/bin/../lib/gcc/arm-none-eabi/7.2.1/thumb/v6-m/libgcc.a
LOAD /home/tve/.platformio/packages/toolchain-gccarmnoneeabi/bin/../lib/gcc/arm-none-eabi/7.2.1/../../../../arm-none-eabi/lib/thumb/v6-m/libc_nano.a
END GROUP
LOAD /home/tve/.platformio/packages/toolchain-gccarmnoneeabi/bin/../lib/gcc/arm-none-eabi/7.2.1/thumb/v6-m/crtend.o
LOAD /home/tve/.platformio/packages/toolchain-gccarmnoneeabi/bin/../lib/gcc/arm-none-eabi/7.2.1/thumb/v6-m/crtn.o
                0x0000000020002000                _estack = 0x20002000
                0x0000000000000200                _Min_Heap_Size = 0x200
                0x0000000000000400                _Min_Stack_Size = 0x400

.isr_vector     0x0000000008000000       0xc0
                0x0000000008000000                . = ALIGN (0x4)
 *(.isr_vector)
 .isr_vector    0x0000000008000000       0xc0 .pioenvs/arduino-oc1/libFrameworkArduino.a(startup_stm32yyxx.S.o)
                0x0000000008000000                g_pfnVectors
                0x00000000080000c0                . = ALIGN (0x4)

.text           0x00000000080000c0     0x3cf8
                0x00000000080000c0                . = ALIGN (0x4)
 *(.text)
 .text          0x00000000080000c0       0x48 /home/tve/.platformio/packages/toolchain-gccarmnoneeabi/bin/../lib/gcc/arm-none-eabi/7.2.1/thumb/v6-m/crtbegin.o
 .text          0x0000000008000108       0x14 /home/tve/.platformio/packages/toolchain-gccarmnoneeabi/bin/../lib/gcc/arm-none-eabi/7.2.1/thumb/v6-m/libgcc.a(_thumb1_case_uqi.o)
                0x0000000008000108                __gnu_thumb1_case_uqi
 .text          0x000000000800011c      0x114 /home/tve/.platformio/packages/toolchain-gccarmnoneeabi/bin/../lib/gcc/arm-none-eabi/7.2.1/thumb/v6-m/libgcc.a(_udivsi3.o)
                0x000000000800011c                __udivsi3
                0x000000000800011c                __aeabi_uidiv
                0x0000000008000228                __aeabi_uidivmod
 .text          0x0000000008000230        0x4 /home/tve/.platformio/packages/toolchain-gccarmnoneeabi/bin/../lib/gcc/arm-none-eabi/7.2.1/thumb/v6-m/libgcc.a(_dvmd_tls.o)
                0x0000000008000230                __aeabi_ldiv0
                0x0000000008000230                __aeabi_idiv0
 .text          0x0000000008000234       0x40 /home/tve/.platformio/packages/toolchain-gccarmnoneeabi/bin/../lib/gcc/arm-none-eabi/7.2.1/thumb/v6-m/libgcc.a(_aeabi_uldivmod.o)
                0x0000000008000234                __aeabi_uldivmod
 .text          0x0000000008000274      0x184 /home/tve/.platformio/packages/toolchain-gccarmnoneeabi/bin/../lib/gcc/arm-none-eabi/7.2.1/thumb/v6-m/libgcc.a(_udivmoddi4.o)
                0x0000000008000274                __udivmoddi4
 .text          0x00000000080003f8       0x3c /home/tve/.platformio/packages/toolchain-gccarmnoneeabi/bin/../lib/gcc/arm-none-eabi/7.2.1/thumb/v6-m/libgcc.a(_clzsi2.o)
                0x00000000080003f8                __clzsi2
 .text          0x0000000008000434       0x18 /home/tve/.platformio/packages/toolchain-gccarmnoneeabi/bin/../lib/gcc/arm-none-eabi/7.2.1/thumb/v6-m/libgcc.a(_clzdi2.o)
                0x0000000008000434                __clzdi2
 .text          0x000000000800044c        0xe /home/tve/.platformio/packages/toolchain-gccarmnoneeabi/bin/../lib/gcc/arm-none-eabi/7.2.1/../../../../arm-none-eabi/lib/thumb/v6-m/libc_nano.a(lib_a-strlen.o)
                0x000000000800044c                strlen
 *(.text*)
 *fill*         0x000000000800045a        0x2 
 .text.setup    0x000000000800045c       0x38 .pioenvs/arduino-oc1/src/demo.ino.cpp.o
                0x000000000800045c                setup
 .text.loop     0x0000000008000494       0x34 .pioenvs/arduino-oc1/src/demo.ino.cpp.o
                0x0000000008000494                loop
 .text._ZN14HardwareSerial16_tx_complete_irqEP8serial_s
                0x00000000080004c8       0x1e .pioenvs/arduino-oc1/libFrameworkArduino.a(HardwareSerial.cpp.o)
                0x00000000080004c8                HardwareSerial::_tx_complete_irq(serial_s*)
 .text._ZN14HardwareSerial9availableEv
                0x00000000080004e6       0x10 .pioenvs/arduino-oc1/libFrameworkArduino.a(HardwareSerial.cpp.o)
                0x00000000080004e6                HardwareSerial::available()
 .text._ZN14HardwareSerial4peekEv
                0x00000000080004f6       0x1a .pioenvs/arduino-oc1/libFrameworkArduino.a(HardwareSerial.cpp.o)
                0x00000000080004f6                HardwareSerial::peek()
 .text._ZN14HardwareSerial4readEv
                0x0000000008000510       0x22 .pioenvs/arduino-oc1/libFrameworkArduino.a(HardwareSerial.cpp.o)
                0x0000000008000510                HardwareSerial::read()
 .text._ZN14HardwareSerial16_rx_complete_irqEP8serial_s
                0x0000000008000532       0x38 .pioenvs/arduino-oc1/libFrameworkArduino.a(HardwareSerial.cpp.o)
                0x0000000008000532                HardwareSerial::_rx_complete_irq(serial_s*)
 *fill*         0x000000000800056a        0x2 
 .text._ZN14HardwareSerial5writeEh
                0x000000000800056c       0x40 .pioenvs/arduino-oc1/libFrameworkArduino.a(HardwareSerial.cpp.o)
                0x000000000800056c                HardwareSerial::write(unsigned char)
 .text._ZN14HardwareSerial5flushEv
                0x00000000080005ac       0x12 .pioenvs/arduino-oc1/libFrameworkArduino.a(HardwareSerial.cpp.o)
                0x00000000080005ac                HardwareSerial::flush()
 *fill*         0x00000000080005be        0x2 
 .text._Z14serialEventRunv
                0x00000000080005c0       0x20 .pioenvs/arduino-oc1/libFrameworkArduino.a(HardwareSerial.cpp.o)
                0x00000000080005c0                serialEventRun()
 .text._ZN14HardwareSerial4initEv
                0x00000000080005e0       0x1c .pioenvs/arduino-oc1/libFrameworkArduino.a(HardwareSerial.cpp.o)
                0x00000000080005e0                HardwareSerial::init()
 .text._ZN14HardwareSerialC2EPv
                0x00000000080005fc       0x60 .pioenvs/arduino-oc1/libFrameworkArduino.a(HardwareSerial.cpp.o)
                0x00000000080005fc                HardwareSerial::HardwareSerial(void*)
                0x00000000080005fc                HardwareSerial::HardwareSerial(void*)
 .text._ZN14HardwareSerial5beginEmh
                0x000000000800065c       0x9c .pioenvs/arduino-oc1/libFrameworkArduino.a(HardwareSerial.cpp.o)
                0x000000000800065c                HardwareSerial::begin(unsigned long, unsigned char)
 .text.startup._GLOBAL__sub_I_Serial2
                0x00000000080006f8       0x14 .pioenvs/arduino-oc1/libFrameworkArduino.a(HardwareSerial.cpp.o)
 .text._ZN5Print5writeEPKhj
                0x000000000800070c       0x28 .pioenvs/arduino-oc1/libFrameworkArduino.a(Print.cpp.o)
                0x000000000800070c                Print::write(unsigned char const*, unsigned int)
 .text._ZN5Print5writeEPKc.part.2
                0x0000000008000734       0x1a .pioenvs/arduino-oc1/libFrameworkArduino.a(Print.cpp.o)
 .text._ZN5Print5writeEPKc
                0x000000000800074e       0x10 .pioenvs/arduino-oc1/libFrameworkArduino.a(Print.cpp.o)
                0x000000000800074e                Print::write(char const*)
 *fill*         0x000000000800075e        0x2 
 .text._ZN5Print7printlnEv
                0x0000000008000760       0x10 .pioenvs/arduino-oc1/libFrameworkArduino.a(Print.cpp.o)
                0x0000000008000760                Print::println()
 .text._ZN5Print7printlnEPKc
                0x0000000008000770       0x14 .pioenvs/arduino-oc1/libFrameworkArduino.a(Print.cpp.o)
                0x0000000008000770                Print::println(char const*)
 .text._Z11initVariantv
                0x0000000008000784        0x2 .pioenvs/arduino-oc1/libFrameworkArduino.a(main.cpp.o)
                0x0000000008000784                initVariant()
 .text.startup._Z7premainv
                0x0000000008000786        0x8 .pioenvs/arduino-oc1/libFrameworkArduino.a(main.cpp.o)
                0x0000000008000786                premain()
 *fill*         0x000000000800078e        0x2 
 .text.startup.main
                0x0000000008000790       0x20 .pioenvs/arduino-oc1/libFrameworkArduino.a(main.cpp.o)
                0x0000000008000790                main
 .text.pinmap_find_peripheral
                0x00000000080007b0       0x18 .pioenvs/arduino-oc1/libFrameworkArduino.a(pinmap.c.o)
                0x00000000080007b0                pinmap_find_peripheral
 .text.pinmap_peripheral
                0x00000000080007c8       0x12 .pioenvs/arduino-oc1/libFrameworkArduino.a(pinmap.c.o)
                0x00000000080007c8                pinmap_peripheral
 .text.pinmap_find_pin
                0x00000000080007da       0x1a .pioenvs/arduino-oc1/libFrameworkArduino.a(pinmap.c.o)
                0x00000000080007da                pinmap_find_pin
 .text.pinmap_pin
                0x00000000080007f4       0x12 .pioenvs/arduino-oc1/libFrameworkArduino.a(pinmap.c.o)
                0x00000000080007f4                pinmap_pin
 .text.pinmap_find_function
                0x0000000008000806       0x18 .pioenvs/arduino-oc1/libFrameworkArduino.a(pinmap.c.o)
                0x0000000008000806                pinmap_find_function
 .text.pinmap_function
                0x000000000800081e        0xc .pioenvs/arduino-oc1/libFrameworkArduino.a(pinmap.c.o)
                0x000000000800081e                pinmap_function
 .text.pin_in_pinmap
                0x000000000800082a       0x1c .pioenvs/arduino-oc1/libFrameworkArduino.a(pinmap.c.o)
                0x000000000800082a                pin_in_pinmap
 .text.pinmap_merge_peripheral
                0x0000000008000846       0x16 .pioenvs/arduino-oc1/libFrameworkArduino.a(pinmap.c.o)
                0x0000000008000846                pinmap_merge_peripheral
 .text.Reset_Handler
                0x000000000800085c       0x50 .pioenvs/arduino-oc1/libFrameworkArduino.a(startup_stm32yyxx.S.o)
                0x000000000800085c                Reset_Handler
 .text.Default_Handler
                0x00000000080008ac        0x2 .pioenvs/arduino-oc1/libFrameworkArduino.a(startup_stm32yyxx.S.o)
                0x00000000080008ac                TSC_IRQHandler
                0x00000000080008ac                HardFault_Handler
                0x00000000080008ac                ADC1_COMP_IRQHandler
                0x00000000080008ac                PVD_IRQHandler
                0x00000000080008ac                PendSV_Handler
                0x00000000080008ac                NMI_Handler
                0x00000000080008ac                I2C1_IRQHandler
                0x00000000080008ac                RCC_CRS_IRQHandler
                0x00000000080008ac                SPI1_IRQHandler
                0x00000000080008ac                EXTI2_3_IRQHandler
                0x00000000080008ac                I2C2_IRQHandler
                0x00000000080008ac                RTC_IRQHandler
                0x00000000080008ac                LCD_IRQHandler
                0x00000000080008ac                DMA1_Channel4_5_6_7_IRQHandler
                0x00000000080008ac                EXTI4_15_IRQHandler
                0x00000000080008ac                DMA1_Channel1_IRQHandler
                0x00000000080008ac                Default_Handler
                0x00000000080008ac                EXTI0_1_IRQHandler
                0x00000000080008ac                USB_IRQHandler
                0x00000000080008ac                SPI2_IRQHandler
                0x00000000080008ac                SVC_Handler
                0x00000000080008ac                WWDG_IRQHandler
                0x00000000080008ac                DMA1_Channel2_3_IRQHandler
                0x00000000080008ac                FLASH_IRQHandler
                0x00000000080008ac                LPTIM1_IRQHandler
 *fill*         0x00000000080008ae        0x2 
 .text.SystemInit
                0x00000000080008b0       0x5c .pioenvs/arduino-oc1/libFrameworkArduino.a(system_stm32yyxx.c.o)
                0x00000000080008b0                SystemInit
 .text.uart_init.part.0
                0x000000000800090c      0x268 .pioenvs/arduino-oc1/libFrameworkArduino.a(uart.c.o)
 .text.uart_init
                0x0000000008000b74        0xc .pioenvs/arduino-oc1/libFrameworkArduino.a(uart.c.o)
                0x0000000008000b74                uart_init
 .text.uart_debug_init
                0x0000000008000b80       0x60 .pioenvs/arduino-oc1/libFrameworkArduino.a(uart.c.o)
                0x0000000008000b80                uart_debug_init
 .text.uart_debug_write
                0x0000000008000be0       0xb0 .pioenvs/arduino-oc1/libFrameworkArduino.a(uart.c.o)
                0x0000000008000be0                uart_debug_write
 .text.serial_rx_active
                0x0000000008000c90       0x24 .pioenvs/arduino-oc1/libFrameworkArduino.a(uart.c.o)
                0x0000000008000c90                serial_rx_active
 .text.serial_tx_active
                0x0000000008000cb4       0x24 .pioenvs/arduino-oc1/libFrameworkArduino.a(uart.c.o)
                0x0000000008000cb4                serial_tx_active
 .text.uart_getc
                0x0000000008000cd8       0x38 .pioenvs/arduino-oc1/libFrameworkArduino.a(uart.c.o)
                0x0000000008000cd8                uart_getc
 .text.uart_attach_rx_callback
                0x0000000008000d10       0x58 .pioenvs/arduino-oc1/libFrameworkArduino.a(uart.c.o)
                0x0000000008000d10                uart_attach_rx_callback
 .text.uart_attach_tx_callback
                0x0000000008000d68       0x58 .pioenvs/arduino-oc1/libFrameworkArduino.a(uart.c.o)
                0x0000000008000d68                uart_attach_tx_callback
 .text.uart_index
                0x0000000008000dc0       0x28 .pioenvs/arduino-oc1/libFrameworkArduino.a(uart.c.o)
                0x0000000008000dc0                uart_index
 .text.HAL_UART_RxCpltCallback
                0x0000000008000de8       0x20 .pioenvs/arduino-oc1/libFrameworkArduino.a(uart.c.o)
                0x0000000008000de8                HAL_UART_RxCpltCallback
 .text.HAL_UART_TxCpltCallback
                0x0000000008000e08       0x48 .pioenvs/arduino-oc1/libFrameworkArduino.a(uart.c.o)
                0x0000000008000e08                HAL_UART_TxCpltCallback
 .text.HAL_UART_ErrorCallback
                0x0000000008000e50       0x28 .pioenvs/arduino-oc1/libFrameworkArduino.a(uart.c.o)
                0x0000000008000e50                HAL_UART_ErrorCallback
 .text.USART1_IRQHandler
                0x0000000008000e78       0x18 .pioenvs/arduino-oc1/libFrameworkArduino.a(uart.c.o)
                0x0000000008000e78                USART1_IRQHandler
 .text.USART2_IRQHandler
                0x0000000008000e90       0x18 .pioenvs/arduino-oc1/libFrameworkArduino.a(uart.c.o)
                0x0000000008000e90                USART2_IRQHandler
 .text.RNG_LPUART1_IRQHandler
                0x0000000008000ea8       0x18 .pioenvs/arduino-oc1/libFrameworkArduino.a(uart.c.o)
                0x0000000008000ea8                RNG_LPUART1_IRQHandler
 .text.HAL_UARTEx_WakeupCallback
                0x0000000008000ec0       0x20 .pioenvs/arduino-oc1/libFrameworkArduino.a(uart.c.o)
                0x0000000008000ec0                HAL_UARTEx_WakeupCallback
 .text.pinMode  0x0000000008000ee0       0x94 .pioenvs/arduino-oc1/libFrameworkArduino.a(wiring_digital.c.o)
                0x0000000008000ee0                pinMode
 .text.digitalWrite
                0x0000000008000f74       0x3c .pioenvs/arduino-oc1/libFrameworkArduino.a(wiring_digital.c.o)
                0x0000000008000f74                digitalWrite
 .text.delay    0x0000000008000fb0       0x1c .pioenvs/arduino-oc1/libFrameworkArduino.a(wiring_time.c.o)
                0x0000000008000fb0                delay
 .text.init     0x0000000008000fcc        0x8 .pioenvs/arduino-oc1/libFrameworkArduino.a(board.c.o)
                0x0000000008000fcc                init
 .text.__empty  0x0000000008000fd4        0x2 .pioenvs/arduino-oc1/libFrameworkArduino.a(hooks.c.o)
                0x0000000008000fd4                yield
 .text.HAL_MspInit
                0x0000000008000fd6        0x2 .pioenvs/arduino-oc1/libFrameworkArduino.a(stm32yyxx_hal.c.o)
                0x0000000008000fd6                HAL_MspInit
 .text.HAL_InitTick
                0x0000000008000fd8       0x28 .pioenvs/arduino-oc1/libFrameworkArduino.a(stm32yyxx_hal.c.o)
                0x0000000008000fd8                HAL_InitTick
 .text.HAL_Init
                0x0000000008001000       0x20 .pioenvs/arduino-oc1/libFrameworkArduino.a(stm32yyxx_hal.c.o)
                0x0000000008001000                HAL_Init
 .text.HAL_IncTick
                0x0000000008001020       0x10 .pioenvs/arduino-oc1/libFrameworkArduino.a(stm32yyxx_hal.c.o)
                0x0000000008001020                HAL_IncTick
 .text.HAL_GetTick
                0x0000000008001030        0xc .pioenvs/arduino-oc1/libFrameworkArduino.a(stm32yyxx_hal.c.o)
                0x0000000008001030                HAL_GetTick
 .text.HAL_NVIC_SetPriority
                0x000000000800103c       0x54 .pioenvs/arduino-oc1/libFrameworkArduino.a(stm32yyxx_hal_cortex.c.o)
                0x000000000800103c                HAL_NVIC_SetPriority
 .text.HAL_NVIC_EnableIRQ
                0x0000000008001090       0x18 .pioenvs/arduino-oc1/libFrameworkArduino.a(stm32yyxx_hal_cortex.c.o)
                0x0000000008001090                HAL_NVIC_EnableIRQ
 .text.HAL_SYSTICK_Config
                0x00000000080010a8       0x34 .pioenvs/arduino-oc1/libFrameworkArduino.a(stm32yyxx_hal_cortex.c.o)
                0x00000000080010a8                HAL_SYSTICK_Config
 .text.HAL_NVIC_ClearPendingIRQ
                0x00000000080010dc       0x1c .pioenvs/arduino-oc1/libFrameworkArduino.a(stm32yyxx_hal_cortex.c.o)
                0x00000000080010dc                HAL_NVIC_ClearPendingIRQ
 .text.HAL_SYSTICK_CLKSourceConfig
                0x00000000080010f8       0x1c .pioenvs/arduino-oc1/libFrameworkArduino.a(stm32yyxx_hal_cortex.c.o)
                0x00000000080010f8                HAL_SYSTICK_CLKSourceConfig
 .text.HAL_SYSTICK_Callback
                0x0000000008001114        0x2 .pioenvs/arduino-oc1/libFrameworkArduino.a(stm32yyxx_hal_cortex.c.o)
                0x0000000008001114                HAL_SYSTICK_Callback
 .text.HAL_SYSTICK_IRQHandler
                0x0000000008001116        0x8 .pioenvs/arduino-oc1/libFrameworkArduino.a(stm32yyxx_hal_cortex.c.o)
                0x0000000008001116                HAL_SYSTICK_IRQHandler
 *fill*         0x000000000800111e        0x2 
 .text.HAL_GPIO_Init
                0x0000000008001120      0x16c .pioenvs/arduino-oc1/libFrameworkArduino.a(stm32yyxx_hal_gpio.c.o)
                0x0000000008001120                HAL_GPIO_Init
 .text.HAL_GPIO_WritePin
                0x000000000800128c        0xc .pioenvs/arduino-oc1/libFrameworkArduino.a(stm32yyxx_hal_gpio.c.o)
                0x000000000800128c                HAL_GPIO_WritePin
 .text.UART_EndRxTransfer
                0x0000000008001298       0x20 .pioenvs/arduino-oc1/libFrameworkArduino.a(stm32yyxx_hal_uart.c.o)
 .text.HAL_UART_MspInit
                0x00000000080012b8        0x2 .pioenvs/arduino-oc1/libFrameworkArduino.a(stm32yyxx_hal_uart.c.o)
                0x00000000080012b8                HAL_UART_MspInit
 .text.HAL_UART_Transmit_IT
                0x00000000080012ba       0x5c .pioenvs/arduino-oc1/libFrameworkArduino.a(stm32yyxx_hal_uart.c.o)
                0x00000000080012ba                HAL_UART_Transmit_IT
 *fill*         0x0000000008001316        0x2 
 .text.HAL_UART_Receive_IT
                0x0000000008001318       0xa8 .pioenvs/arduino-oc1/libFrameworkArduino.a(stm32yyxx_hal_uart.c.o)
                0x0000000008001318                HAL_UART_Receive_IT
 .text.UART_Receive_IT
                0x00000000080013c0       0x7c .pioenvs/arduino-oc1/libFrameworkArduino.a(stm32yyxx_hal_uart.c.o)
 .text.HAL_UART_IRQHandler
                0x000000000800143c      0x198 .pioenvs/arduino-oc1/libFrameworkArduino.a(stm32yyxx_hal_uart.c.o)
                0x000000000800143c                HAL_UART_IRQHandler
 .text.UART_DMAAbortOnError
                0x00000000080015d4       0x16 .pioenvs/arduino-oc1/libFrameworkArduino.a(stm32yyxx_hal_uart.c.o)
 .text.HAL_UART_GetState
                0x00000000080015ea        0xe .pioenvs/arduino-oc1/libFrameworkArduino.a(stm32yyxx_hal_uart.c.o)
                0x00000000080015ea                HAL_UART_GetState
 .text.UART_SetConfig
                0x00000000080015f8      0x25c .pioenvs/arduino-oc1/libFrameworkArduino.a(stm32yyxx_hal_uart.c.o)
                0x00000000080015f8                UART_SetConfig
 .text.UART_AdvFeatureConfig
                0x0000000008001854       0xd0 .pioenvs/arduino-oc1/libFrameworkArduino.a(stm32yyxx_hal_uart.c.o)
                0x0000000008001854                UART_AdvFeatureConfig
 .text.UART_WaitOnFlagUntilTimeout
                0x0000000008001924       0x64 .pioenvs/arduino-oc1/libFrameworkArduino.a(stm32yyxx_hal_uart.c.o)
                0x0000000008001924                UART_WaitOnFlagUntilTimeout
 .text.HAL_UART_Transmit
                0x0000000008001988       0xcc .pioenvs/arduino-oc1/libFrameworkArduino.a(stm32yyxx_hal_uart.c.o)
                0x0000000008001988                HAL_UART_Transmit
 .text.UART_CheckIdleState
                0x0000000008001a54       0x64 .pioenvs/arduino-oc1/libFrameworkArduino.a(stm32yyxx_hal_uart.c.o)
                0x0000000008001a54                UART_CheckIdleState
 .text.HAL_UART_Init
                0x0000000008001ab8       0x6c .pioenvs/arduino-oc1/libFrameworkArduino.a(stm32yyxx_hal_uart.c.o)
                0x0000000008001ab8                HAL_UART_Init
 .text.HAL_UARTEx_EnableStopMode
                0x0000000008001b24       0x2c .pioenvs/arduino-oc1/libFrameworkArduino.a(stm32yyxx_hal_uart_ex.c.o)
                0x0000000008001b24                HAL_UARTEx_EnableStopMode
 .text.HAL_UARTEx_DisableStopMode
                0x0000000008001b50       0x2c .pioenvs/arduino-oc1/libFrameworkArduino.a(stm32yyxx_hal_uart_ex.c.o)
                0x0000000008001b50                HAL_UARTEx_DisableStopMode
 .text.HAL_UARTEx_EnableClockStopMode
                0x0000000008001b7c       0x2e .pioenvs/arduino-oc1/libFrameworkArduino.a(stm32yyxx_hal_uart_ex.c.o)
                0x0000000008001b7c                HAL_UARTEx_EnableClockStopMode
 *fill*         0x0000000008001baa        0x2 
 .text.HAL_UARTEx_DisableClockStopMode
                0x0000000008001bac       0x30 .pioenvs/arduino-oc1/libFrameworkArduino.a(stm32yyxx_hal_uart_ex.c.o)
                0x0000000008001bac                HAL_UARTEx_DisableClockStopMode
 .text.is_pin_configured
                0x0000000008001bdc       0x14 .pioenvs/arduino-oc1/libFrameworkArduino.a(PinConfigured.c.o)
                0x0000000008001bdc                is_pin_configured
 .text.set_pin_configured
                0x0000000008001bf0       0x18 .pioenvs/arduino-oc1/libFrameworkArduino.a(PinConfigured.c.o)
                0x0000000008001bf0                set_pin_configured
 .text.reset_pin_configured
                0x0000000008001c08       0x18 .pioenvs/arduino-oc1/libFrameworkArduino.a(PinConfigured.c.o)
                0x0000000008001c08                reset_pin_configured
 .text.get_GPIO_Port
                0x0000000008001c20       0x14 .pioenvs/arduino-oc1/libFrameworkArduino.a(PortNames.c.o)
                0x0000000008001c20                get_GPIO_Port
 .text.set_GPIO_Port_Clock
                0x0000000008001c34       0x8c .pioenvs/arduino-oc1/libFrameworkArduino.a(PortNames.c.o)
                0x0000000008001c34                set_GPIO_Port_Clock
 .text.get_pwm_channel
                0x0000000008001cc0       0x24 .pioenvs/arduino-oc1/libFrameworkArduino.a(analog.c.o)
 .text.HAL_DAC_MspDeInit
                0x0000000008001ce4       0x14 .pioenvs/arduino-oc1/libFrameworkArduino.a(analog.c.o)
                0x0000000008001ce4                HAL_DAC_MspDeInit
 .text.dac_stop
                0x0000000008001cf8       0x34 .pioenvs/arduino-oc1/libFrameworkArduino.a(analog.c.o)
                0x0000000008001cf8                dac_stop
 .text.HAL_TIM_PWM_MspDeInit
                0x0000000008001d2c        0x8 .pioenvs/arduino-oc1/libFrameworkArduino.a(analog.c.o)
                0x0000000008001d2c                HAL_TIM_PWM_MspDeInit
 .text.pwm_stop
                0x0000000008001d34       0x40 .pioenvs/arduino-oc1/libFrameworkArduino.a(analog.c.o)
                0x0000000008001d34                pwm_stop
 .text.GetCurrentMilli
                0x0000000008001d74        0x8 .pioenvs/arduino-oc1/libFrameworkArduino.a(clock.c.o)
                0x0000000008001d74                GetCurrentMilli
 .text.noOsSystickHandler
                0x0000000008001d7c        0x2 .pioenvs/arduino-oc1/libFrameworkArduino.a(clock.c.o)
                0x0000000008001d7c                noOsSystickHandler
                0x0000000008001d7c                osSystickHandler
 .text.SysTick_Handler
                0x0000000008001d7e       0x10 .pioenvs/arduino-oc1/libFrameworkArduino.a(clock.c.o)
                0x0000000008001d7e                SysTick_Handler
 *fill*         0x0000000008001d8e        0x2 
 .text.enableClock
                0x0000000008001d90       0xa8 .pioenvs/arduino-oc1/libFrameworkArduino.a(clock.c.o)
                0x0000000008001d90                enableClock
 .text.digital_io_init
                0x0000000008001e38       0x2e .pioenvs/arduino-oc1/libFrameworkArduino.a(digital_io.c.o)
                0x0000000008001e38                digital_io_init
 .text.digital_io_write
                0x0000000008001e66       0x10 .pioenvs/arduino-oc1/libFrameworkArduino.a(digital_io.c.o)
                0x0000000008001e66                digital_io_write
 .text.hw_config_init
                0x0000000008001e76        0xc .pioenvs/arduino-oc1/libFrameworkArduino.a(hw_config.c.o)
                0x0000000008001e76                hw_config_init
 .text._Error_Handler
                0x0000000008001e82        0x2 .pioenvs/arduino-oc1/libFrameworkArduino.a(stm32_def.c.o)
                0x0000000008001e82                _Error_Handler
 .text.timer_disable_clock
                0x0000000008001e84       0x54 .pioenvs/arduino-oc1/libFrameworkArduino.a(timer.c.o)
                0x0000000008001e84                timer_disable_clock
 .text.HAL_TIM_OC_DelayElapsedCallback
                0x0000000008001ed8       0x18 .pioenvs/arduino-oc1/libFrameworkArduino.a(timer.c.o)
                0x0000000008001ed8                HAL_TIM_OC_DelayElapsedCallback
 .text.HAL_TIM_PeriodElapsedCallback
                0x0000000008001ef0        0xe .pioenvs/arduino-oc1/libFrameworkArduino.a(timer.c.o)
                0x0000000008001ef0                HAL_TIM_PeriodElapsedCallback
 *fill*         0x0000000008001efe        0x2 
 .text.TIM2_IRQHandler
                0x0000000008001f00       0x14 .pioenvs/arduino-oc1/libFrameworkArduino.a(timer.c.o)
                0x0000000008001f00                TIM2_IRQHandler
 .text.TIM6_DAC_IRQHandler
                0x0000000008001f14       0x14 .pioenvs/arduino-oc1/libFrameworkArduino.a(timer.c.o)
                0x0000000008001f14                TIM6_DAC_IRQHandler
 .text.TIM21_IRQHandler
                0x0000000008001f28       0x14 .pioenvs/arduino-oc1/libFrameworkArduino.a(timer.c.o)
                0x0000000008001f28                TIM21_IRQHandler
 .text.TIM22_IRQHandler
                0x0000000008001f3c       0x14 .pioenvs/arduino-oc1/libFrameworkArduino.a(timer.c.o)
                0x0000000008001f3c                TIM22_IRQHandler
 .text.HAL_DAC_DeInit
                0x0000000008001f50       0x1e .pioenvs/arduino-oc1/libFrameworkArduino.a(stm32yyxx_hal_dac.c.o)
                0x0000000008001f50                HAL_DAC_DeInit
 .text.HAL_DAC_Stop
                0x0000000008001f6e       0x16 .pioenvs/arduino-oc1/libFrameworkArduino.a(stm32yyxx_hal_dac.c.o)
                0x0000000008001f6e                HAL_DAC_Stop
 .text.HAL_DMA_Abort_IT
                0x0000000008001f84       0xa8 .pioenvs/arduino-oc1/libFrameworkArduino.a(stm32yyxx_hal_dma.c.o)
                0x0000000008001f84                HAL_DMA_Abort_IT
 .text.HAL_PWR_EnableBkUpAccess
                0x000000000800202c       0x14 .pioenvs/arduino-oc1/libFrameworkArduino.a(stm32yyxx_hal_pwr.c.o)
                0x000000000800202c                HAL_PWR_EnableBkUpAccess
 .text.RCC_SetFlashLatencyFromMSIRange
                0x0000000008002040       0x70 .pioenvs/arduino-oc1/libFrameworkArduino.a(stm32yyxx_hal_rcc.c.o)
 .text.HAL_RCC_OscConfig
                0x00000000080020b0      0x4e0 .pioenvs/arduino-oc1/libFrameworkArduino.a(stm32yyxx_hal_rcc.c.o)
                0x00000000080020b0                HAL_RCC_OscConfig
 .text.HAL_RCC_GetSysClockFreq
                0x0000000008002590       0x80 .pioenvs/arduino-oc1/libFrameworkArduino.a(stm32yyxx_hal_rcc.c.o)
                0x0000000008002590                HAL_RCC_GetSysClockFreq
 .text.HAL_RCC_ClockConfig
                0x0000000008002610      0x170 .pioenvs/arduino-oc1/libFrameworkArduino.a(stm32yyxx_hal_rcc.c.o)
                0x0000000008002610                HAL_RCC_ClockConfig
 .text.HAL_RCC_GetHCLKFreq
                0x0000000008002780        0xc .pioenvs/arduino-oc1/libFrameworkArduino.a(stm32yyxx_hal_rcc.c.o)
                0x0000000008002780                HAL_RCC_GetHCLKFreq
 .text.HAL_RCC_GetPCLK1Freq
                0x000000000800278c       0x20 .pioenvs/arduino-oc1/libFrameworkArduino.a(stm32yyxx_hal_rcc.c.o)
                0x000000000800278c                HAL_RCC_GetPCLK1Freq
 .text.HAL_RCC_GetPCLK2Freq
                0x00000000080027ac       0x20 .pioenvs/arduino-oc1/libFrameworkArduino.a(stm32yyxx_hal_rcc.c.o)
                0x00000000080027ac                HAL_RCC_GetPCLK2Freq
 .text.HAL_RCCEx_PeriphCLKConfig
                0x00000000080027cc      0x1bc .pioenvs/arduino-oc1/libFrameworkArduino.a(stm32yyxx_hal_rcc_ex.c.o)
                0x00000000080027cc                HAL_RCCEx_PeriphCLKConfig
 .text.HAL_RCCEx_GetPeriphCLKFreq
                0x0000000008002988      0x1f4 .pioenvs/arduino-oc1/libFrameworkArduino.a(stm32yyxx_hal_rcc_ex.c.o)
                0x0000000008002988                HAL_RCCEx_GetPeriphCLKFreq
 .text.TIM_CCxChannelCmd
                0x0000000008002b7c       0x16 .pioenvs/arduino-oc1/libFrameworkArduino.a(stm32yyxx_hal_tim.c.o)
 *fill*         0x0000000008002b92        0x2 
 .text.HAL_TIM_PWM_DeInit
                0x0000000008002b94       0x34 .pioenvs/arduino-oc1/libFrameworkArduino.a(stm32yyxx_hal_tim.c.o)
                0x0000000008002b94                HAL_TIM_PWM_DeInit
 .text.HAL_TIM_PWM_Stop
                0x0000000008002bc8       0x2c .pioenvs/arduino-oc1/libFrameworkArduino.a(stm32yyxx_hal_tim.c.o)
                0x0000000008002bc8                HAL_TIM_PWM_Stop
 .text.HAL_TIM_IC_CaptureCallback
                0x0000000008002bf4        0x2 .pioenvs/arduino-oc1/libFrameworkArduino.a(stm32yyxx_hal_tim.c.o)
                0x0000000008002bf4                HAL_TIM_IC_CaptureCallback
 .text.HAL_TIM_PWM_PulseFinishedCallback
                0x0000000008002bf6        0x2 .pioenvs/arduino-oc1/libFrameworkArduino.a(stm32yyxx_hal_tim.c.o)
                0x0000000008002bf6                HAL_TIM_PWM_PulseFinishedCallback
 .text.HAL_TIM_TriggerCallback
                0x0000000008002bf8        0x2 .pioenvs/arduino-oc1/libFrameworkArduino.a(stm32yyxx_hal_tim.c.o)
                0x0000000008002bf8                HAL_TIM_TriggerCallback
 .text.HAL_TIM_IRQHandler
                0x0000000008002bfa      0x110 .pioenvs/arduino-oc1/libFrameworkArduino.a(stm32yyxx_hal_tim.c.o)
                0x0000000008002bfa                HAL_TIM_IRQHandler
 *fill*         0x0000000008002d0a        0x2 
 .text.__assert_func
                0x0000000008002d0c       0x3c /home/tve/.platformio/packages/toolchain-gccarmnoneeabi/bin/../lib/gcc/arm-none-eabi/7.2.1/../../../../arm-none-eabi/lib/thumb/v6-m/libc_nano.a(lib_a-assert.o)
                0x0000000008002d0c                __assert_func
 .text.fprintf  0x0000000008002d48       0x20 /home/tve/.platformio/packages/toolchain-gccarmnoneeabi/bin/../lib/gcc/arm-none-eabi/7.2.1/../../../../arm-none-eabi/lib/thumb/v6-m/libc_nano.a(lib_a-fprintf.o)
                0x0000000008002d48                fprintf
                0x0000000008002d48                fiprintf
 .text.__libc_init_array
                0x0000000008002d68       0x48 /home/tve/.platformio/packages/toolchain-gccarmnoneeabi/bin/../lib/gcc/arm-none-eabi/7.2.1/../../../../arm-none-eabi/lib/thumb/v6-m/libc_nano.a(lib_a-init.o)
                0x0000000008002d68                __libc_init_array
 .text.memset   0x0000000008002db0       0x10 /home/tve/.platformio/packages/toolchain-gccarmnoneeabi/bin/../lib/gcc/arm-none-eabi/7.2.1/../../../../arm-none-eabi/lib/thumb/v6-m/libc_nano.a(lib_a-memset.o)
                0x0000000008002db0                memset
 .text.__sfputc_r
                0x0000000008002dc0       0x2a /home/tve/.platformio/packages/toolchain-gccarmnoneeabi/bin/../lib/gcc/arm-none-eabi/7.2.1/../../../../arm-none-eabi/lib/thumb/v6-m/libc_nano.a(lib_a-nano-vfprintf.o)
 .text.__sfputs_r
                0x0000000008002dea       0x24 /home/tve/.platformio/packages/toolchain-gccarmnoneeabi/bin/../lib/gcc/arm-none-eabi/7.2.1/../../../../arm-none-eabi/lib/thumb/v6-m/libc_nano.a(lib_a-nano-vfprintf.o)
                0x0000000008002dea                __sfputs_r
 *fill*         0x0000000008002e0e        0x2 
 .text._vfprintf_r
                0x0000000008002e10      0x22c /home/tve/.platformio/packages/toolchain-gccarmnoneeabi/bin/../lib/gcc/arm-none-eabi/7.2.1/../../../../arm-none-eabi/lib/thumb/v6-m/libc_nano.a(lib_a-nano-vfprintf.o)
                0x0000000008002e10                _vfiprintf_r
                0x0000000008002e10                _vfprintf_r
 .text._printf_common
                0x000000000800303c       0xda /home/tve/.platformio/packages/toolchain-gccarmnoneeabi/bin/../lib/gcc/arm-none-eabi/7.2.1/../../../../arm-none-eabi/lib/thumb/v6-m/libc_nano.a(lib_a-nano-vfprintf_i.o)
                0x000000000800303c                _printf_common
 *fill*         0x0000000008003116        0x2 
 .text._printf_i
                0x0000000008003118      0x210 /home/tve/.platformio/packages/toolchain-gccarmnoneeabi/bin/../lib/gcc/arm-none-eabi/7.2.1/../../../../arm-none-eabi/lib/thumb/v6-m/libc_nano.a(lib_a-nano-vfprintf_i.o)
                0x0000000008003118                _printf_i
 .text.printf   0x0000000008003328       0x34 /home/tve/.platformio/packages/toolchain-gccarmnoneeabi/bin/../lib/gcc/arm-none-eabi/7.2.1/../../../../arm-none-eabi/lib/thumb/v6-m/libc_nano.a(lib_a-printf.o)
                0x0000000008003328                printf
                0x0000000008003328                iprintf
 .text.__swbuf_r
                0x000000000800335c       0xac /home/tve/.platformio/packages/toolchain-gccarmnoneeabi/bin/../lib/gcc/arm-none-eabi/7.2.1/../../../../arm-none-eabi/lib/thumb/v6-m/libc_nano.a(lib_a-wbuf.o)
                0x000000000800335c                __swbuf_r
 .text.__swsetup_r
                0x0000000008003408       0xec /home/tve/.platformio/packages/toolchain-gccarmnoneeabi/bin/../lib/gcc/arm-none-eabi/7.2.1/../../../../arm-none-eabi/lib/thumb/v6-m/libc_nano.a(lib_a-wsetup.o)
                0x0000000008003408                __swsetup_r
 .text.abort    0x00000000080034f4        0xe /home/tve/.platformio/packages/toolchain-gccarmnoneeabi/bin/../lib/gcc/arm-none-eabi/7.2.1/../../../../arm-none-eabi/lib/thumb/v6-m/libc_nano.a(lib_a-abort.o)
                0x00000000080034f4                abort
 *fill*         0x0000000008003502        0x2 
 .text.__sflush_r
                0x0000000008003504      0x114 /home/tve/.platformio/packages/toolchain-gccarmnoneeabi/bin/../lib/gcc/arm-none-eabi/7.2.1/../../../../arm-none-eabi/lib/thumb/v6-m/libc_nano.a(lib_a-fflush.o)
                0x0000000008003504                __sflush_r
 .text._fflush_r
                0x0000000008003618       0x58 /home/tve/.platformio/packages/toolchain-gccarmnoneeabi/bin/../lib/gcc/arm-none-eabi/7.2.1/../../../../arm-none-eabi/lib/thumb/v6-m/libc_nano.a(lib_a-fflush.o)
                0x0000000008003618                _fflush_r
 .text.std      0x0000000008003670       0x48 /home/tve/.platformio/packages/toolchain-gccarmnoneeabi/bin/../lib/gcc/arm-none-eabi/7.2.1/../../../../arm-none-eabi/lib/thumb/v6-m/libc_nano.a(lib_a-findfp.o)
 .text._cleanup_r
                0x00000000080036b8       0x10 /home/tve/.platformio/packages/toolchain-gccarmnoneeabi/bin/../lib/gcc/arm-none-eabi/7.2.1/../../../../arm-none-eabi/lib/thumb/v6-m/libc_nano.a(lib_a-findfp.o)
                0x00000000080036b8                _cleanup_r
 .text.__sfmoreglue
                0x00000000080036c8       0x2c /home/tve/.platformio/packages/toolchain-gccarmnoneeabi/bin/../lib/gcc/arm-none-eabi/7.2.1/../../../../arm-none-eabi/lib/thumb/v6-m/libc_nano.a(lib_a-findfp.o)
                0x00000000080036c8                __sfmoreglue
 .text.__sinit  0x00000000080036f4       0x68 /home/tve/.platformio/packages/toolchain-gccarmnoneeabi/bin/../lib/gcc/arm-none-eabi/7.2.1/../../../../arm-none-eabi/lib/thumb/v6-m/libc_nano.a(lib_a-findfp.o)
                0x00000000080036f4                __sinit
 .text.__sfp    0x000000000800375c       0x7c /home/tve/.platformio/packages/toolchain-gccarmnoneeabi/bin/../lib/gcc/arm-none-eabi/7.2.1/../../../../arm-none-eabi/lib/thumb/v6-m/libc_nano.a(lib_a-findfp.o)
                0x000000000800375c                __sfp
 .text._fwalk_reent
                0x00000000080037d8       0x42 /home/tve/.platformio/packages/toolchain-gccarmnoneeabi/bin/../lib/gcc/arm-none-eabi/7.2.1/../../../../arm-none-eabi/lib/thumb/v6-m/libc_nano.a(lib_a-fwalk.o)
                0x00000000080037d8                _fwalk_reent
 *fill*         0x000000000800381a        0x2 
 .text.__swhatbuf_r
                0x000000000800381c       0x50 /home/tve/.platformio/packages/toolchain-gccarmnoneeabi/bin/../lib/gcc/arm-none-eabi/7.2.1/../../../../arm-none-eabi/lib/thumb/v6-m/libc_nano.a(lib_a-makebuf.o)
                0x000000000800381c                __swhatbuf_r
 .text.__smakebuf_r
                0x000000000800386c       0x88 /home/tve/.platformio/packages/toolchain-gccarmnoneeabi/bin/../lib/gcc/arm-none-eabi/7.2.1/../../../../arm-none-eabi/lib/thumb/v6-m/libc_nano.a(lib_a-makebuf.o)
                0x000000000800386c                __smakebuf_r
 .text.memchr   0x00000000080038f4       0x16 /home/tve/.platformio/packages/toolchain-gccarmnoneeabi/bin/../lib/gcc/arm-none-eabi/7.2.1/../../../../arm-none-eabi/lib/thumb/v6-m/libc_nano.a(lib_a-memchr-stub.o)
                0x00000000080038f4                memchr
 *fill*         0x000000000800390a        0x2 
 .text._free_r  0x000000000800390c       0x94 /home/tve/.platformio/packages/toolchain-gccarmnoneeabi/bin/../lib/gcc/arm-none-eabi/7.2.1/../../../../arm-none-eabi/lib/thumb/v6-m/libc_nano.a(lib_a-nano-freer.o)
                0x000000000800390c                _free_r
 .text._malloc_r
                0x00000000080039a0       0xbc /home/tve/.platformio/packages/toolchain-gccarmnoneeabi/bin/../lib/gcc/arm-none-eabi/7.2.1/../../../../arm-none-eabi/lib/thumb/v6-m/libc_nano.a(lib_a-nano-mallocr.o)
                0x00000000080039a0                _malloc_r
 .text._sbrk_r  0x0000000008003a5c       0x24 /home/tve/.platformio/packages/toolchain-gccarmnoneeabi/bin/../lib/gcc/arm-none-eabi/7.2.1/../../../../arm-none-eabi/lib/thumb/v6-m/libc_nano.a(lib_a-sbrkr.o)
                0x0000000008003a5c                _sbrk_r
 .text._raise_r
                0x0000000008003a80       0x54 /home/tve/.platformio/packages/toolchain-gccarmnoneeabi/bin/../lib/gcc/arm-none-eabi/7.2.1/../../../../arm-none-eabi/lib/thumb/v6-m/libc_nano.a(lib_a-signal.o)
                0x0000000008003a80                _raise_r
 .text.raise    0x0000000008003ad4       0x14 /home/tve/.platformio/packages/toolchain-gccarmnoneeabi/bin/../lib/gcc/arm-none-eabi/7.2.1/../../../../arm-none-eabi/lib/thumb/v6-m/libc_nano.a(lib_a-signal.o)
                0x0000000008003ad4                raise
 .text._kill_r  0x0000000008003ae8       0x24 /home/tve/.platformio/packages/toolchain-gccarmnoneeabi/bin/../lib/gcc/arm-none-eabi/7.2.1/../../../../arm-none-eabi/lib/thumb/v6-m/libc_nano.a(lib_a-signalr.o)
                0x0000000008003ae8                _kill_r
 .text._getpid_r
                0x0000000008003b0c        0x8 /home/tve/.platformio/packages/toolchain-gccarmnoneeabi/bin/../lib/gcc/arm-none-eabi/7.2.1/../../../../arm-none-eabi/lib/thumb/v6-m/libc_nano.a(lib_a-signalr.o)
                0x0000000008003b0c                _getpid_r
 .text.__sread  0x0000000008003b14       0x28 /home/tve/.platformio/packages/toolchain-gccarmnoneeabi/bin/../lib/gcc/arm-none-eabi/7.2.1/../../../../arm-none-eabi/lib/thumb/v6-m/libc_nano.a(lib_a-stdio.o)
                0x0000000008003b14                __sread
 .text.__swrite
                0x0000000008003b3c       0x38 /home/tve/.platformio/packages/toolchain-gccarmnoneeabi/bin/../lib/gcc/arm-none-eabi/7.2.1/../../../../arm-none-eabi/lib/thumb/v6-m/libc_nano.a(lib_a-stdio.o)
                0x0000000008003b3c                __swrite
 .text.__sseek  0x0000000008003b74       0x2c /home/tve/.platformio/packages/toolchain-gccarmnoneeabi/bin/../lib/gcc/arm-none-eabi/7.2.1/../../../../arm-none-eabi/lib/thumb/v6-m/libc_nano.a(lib_a-stdio.o)
                0x0000000008003b74                __sseek
 .text.__sclose
                0x0000000008003ba0        0xc /home/tve/.platformio/packages/toolchain-gccarmnoneeabi/bin/../lib/gcc/arm-none-eabi/7.2.1/../../../../arm-none-eabi/lib/thumb/v6-m/libc_nano.a(lib_a-stdio.o)
                0x0000000008003ba0                __sclose
 .text._write_r
                0x0000000008003bac       0x28 /home/tve/.platformio/packages/toolchain-gccarmnoneeabi/bin/../lib/gcc/arm-none-eabi/7.2.1/../../../../arm-none-eabi/lib/thumb/v6-m/libc_nano.a(lib_a-writer.o)
                0x0000000008003bac                _write_r
 .text._close_r
                0x0000000008003bd4       0x24 /home/tve/.platformio/packages/toolchain-gccarmnoneeabi/bin/../lib/gcc/arm-none-eabi/7.2.1/../../../../arm-none-eabi/lib/thumb/v6-m/libc_nano.a(lib_a-closer.o)
                0x0000000008003bd4                _close_r
 .text._fstat_r
                0x0000000008003bf8       0x24 /home/tve/.platformio/packages/toolchain-gccarmnoneeabi/bin/../lib/gcc/arm-none-eabi/7.2.1/../../../../arm-none-eabi/lib/thumb/v6-m/libc_nano.a(lib_a-fstatr.o)
                0x0000000008003bf8                _fstat_r
 .text._isatty_r
                0x0000000008003c1c       0x24 /home/tve/.platformio/packages/toolchain-gccarmnoneeabi/bin/../lib/gcc/arm-none-eabi/7.2.1/../../../../arm-none-eabi/lib/thumb/v6-m/libc_nano.a(lib_a-isattyr.o)
                0x0000000008003c1c                _isatty_r
 .text._lseek_r
                0x0000000008003c40       0x28 /home/tve/.platformio/packages/toolchain-gccarmnoneeabi/bin/../lib/gcc/arm-none-eabi/7.2.1/../../../../arm-none-eabi/lib/thumb/v6-m/libc_nano.a(lib_a-lseekr.o)
                0x0000000008003c40                _lseek_r
 .text.__malloc_lock
                0x0000000008003c68        0x2 /home/tve/.platformio/packages/toolchain-gccarmnoneeabi/bin/../lib/gcc/arm-none-eabi/7.2.1/../../../../arm-none-eabi/lib/thumb/v6-m/libc_nano.a(lib_a-mlock.o)
                0x0000000008003c68                __malloc_lock
 .text.__malloc_unlock
                0x0000000008003c6a        0x2 /home/tve/.platformio/packages/toolchain-gccarmnoneeabi/bin/../lib/gcc/arm-none-eabi/7.2.1/../../../../arm-none-eabi/lib/thumb/v6-m/libc_nano.a(lib_a-mlock.o)
                0x0000000008003c6a                __malloc_unlock
 .text._read_r  0x0000000008003c6c       0x28 /home/tve/.platformio/packages/toolchain-gccarmnoneeabi/bin/../lib/gcc/arm-none-eabi/7.2.1/../../../../arm-none-eabi/lib/thumb/v6-m/libc_nano.a(lib_a-readr.o)
                0x0000000008003c6c                _read_r
 .text.SystemClock_Config
                0x0000000008003c94       0x98 .pioenvs/arduino-oc1/libFrameworkArduinoVariant.a(variant.cpp.o)
                0x0000000008003c94                SystemClock_Config
 .text._sbrk    0x0000000008003d2c       0x34 .pioenvs/arduino-oc1/libFrameworkArduino.a(syscalls_stm32.c.o)
                0x0000000008003d2c                _sbrk
 .text._close   0x0000000008003d60        0x6 .pioenvs/arduino-oc1/libFrameworkArduino.a(syscalls_stm32.c.o)
                0x0000000008003d60                _close
 .text._fstat   0x0000000008003d66        0xa .pioenvs/arduino-oc1/libFrameworkArduino.a(syscalls_stm32.c.o)
                0x0000000008003d66                _fstat
 .text._isatty  0x0000000008003d70        0x4 .pioenvs/arduino-oc1/libFrameworkArduino.a(syscalls_stm32.c.o)
                0x0000000008003d70                _isatty
 .text._lseek   0x0000000008003d74        0x4 .pioenvs/arduino-oc1/libFrameworkArduino.a(syscalls_stm32.c.o)
                0x0000000008003d74                _lseek
 .text._read    0x0000000008003d78        0x4 .pioenvs/arduino-oc1/libFrameworkArduino.a(syscalls_stm32.c.o)
                0x0000000008003d78                _read
 .text._write   0x0000000008003d7c        0xc .pioenvs/arduino-oc1/libFrameworkArduino.a(syscalls_stm32.c.o)
                0x0000000008003d7c                _write
 .text._exit    0x0000000008003d88        0x2 .pioenvs/arduino-oc1/libFrameworkArduino.a(syscalls_stm32.c.o)
                0x0000000008003d88                _exit
 *fill*         0x0000000008003d8a        0x2 
 .text._kill    0x0000000008003d8c       0x10 .pioenvs/arduino-oc1/libFrameworkArduino.a(syscalls_stm32.c.o)
                0x0000000008003d8c                _kill
 .text._getpid  0x0000000008003d9c        0x4 .pioenvs/arduino-oc1/libFrameworkArduino.a(syscalls_stm32.c.o)
                0x0000000008003d9c                _getpid
 *(.glue_7)
 .glue_7        0x0000000008003da0        0x0 linker stubs
 *(.glue_7t)
 .glue_7t       0x0000000008003da0        0x0 linker stubs
 *(.eh_frame)
 .eh_frame      0x0000000008003da0        0x0 /home/tve/.platformio/packages/toolchain-gccarmnoneeabi/bin/../lib/gcc/arm-none-eabi/7.2.1/thumb/v6-m/crtbegin.o
 *(.init)
 .init          0x0000000008003da0        0x4 /home/tve/.platformio/packages/toolchain-gccarmnoneeabi/bin/../lib/gcc/arm-none-eabi/7.2.1/thumb/v6-m/crti.o
                0x0000000008003da0                _init
 .init          0x0000000008003da4        0x8 /home/tve/.platformio/packages/toolchain-gccarmnoneeabi/bin/../lib/gcc/arm-none-eabi/7.2.1/thumb/v6-m/crtn.o
 *(.fini)
 .fini          0x0000000008003dac        0x4 /home/tve/.platformio/packages/toolchain-gccarmnoneeabi/bin/../lib/gcc/arm-none-eabi/7.2.1/thumb/v6-m/crti.o
                0x0000000008003dac                _fini
 .fini          0x0000000008003db0        0x8 /home/tve/.platformio/packages/toolchain-gccarmnoneeabi/bin/../lib/gcc/arm-none-eabi/7.2.1/thumb/v6-m/crtn.o
                0x0000000008003db8                . = ALIGN (0x4)
                0x0000000008003db8                _etext = .

.vfp11_veneer   0x0000000008003db8        0x0
 .vfp11_veneer  0x0000000008003db8        0x0 linker stubs

.v4_bx          0x0000000008003db8        0x0
 .v4_bx         0x0000000008003db8        0x0 linker stubs

.iplt           0x0000000008003db8        0x0
 .iplt          0x0000000008003db8        0x0 /home/tve/.platformio/packages/toolchain-gccarmnoneeabi/bin/../lib/gcc/arm-none-eabi/7.2.1/thumb/v6-m/crtbegin.o

.rodata         0x0000000008003db8      0x464
                0x0000000008003db8                . = ALIGN (0x4)
 *(.rodata)
 *(.rodata*)
 .rodata.loop.str1.1
                0x0000000008003db8        0x6 .pioenvs/arduino-oc1/src/demo.ino.cpp.o
 .rodata.setup.str1.1
                0x0000000008003dbe       0x10 .pioenvs/arduino-oc1/src/demo.ino.cpp.o
 .rodata.CSWTCH.28
                0x0000000008003dce        0x5 .pioenvs/arduino-oc1/libFrameworkArduino.a(HardwareSerial.cpp.o)
 .rodata._ZN14HardwareSerial5beginEmh.str1.1
                0x0000000008003dd3       0x6b .pioenvs/arduino-oc1/libFrameworkArduino.a(HardwareSerial.cpp.o)
 *fill*         0x0000000008003e3e        0x2 
 .rodata._ZTV14HardwareSerial
                0x0000000008003e40       0x20 .pioenvs/arduino-oc1/libFrameworkArduino.a(HardwareSerial.cpp.o)
                0x0000000008003e40                vtable for HardwareSerial
 .rodata._ZZN14HardwareSerial5beginEmhE19__PRETTY_FUNCTION__
                0x0000000008003e60       0x34 .pioenvs/arduino-oc1/libFrameworkArduino.a(HardwareSerial.cpp.o)
 .rodata._ZN5Print7printlnEv.str1.1
                0x0000000008003e94        0x3 .pioenvs/arduino-oc1/libFrameworkArduino.a(Print.cpp.o)
 .rodata.AHBPrescTable
                0x0000000008003e97       0x10 .pioenvs/arduino-oc1/libFrameworkArduino.a(system_stm32yyxx.c.o)
                0x0000000008003e97                AHBPrescTable
 .rodata.APBPrescTable
                0x0000000008003ea7        0x8 .pioenvs/arduino-oc1/libFrameworkArduino.a(system_stm32yyxx.c.o)
                0x0000000008003ea7                APBPrescTable
 .rodata.PLLMulTable
                0x0000000008003eaf        0x9 .pioenvs/arduino-oc1/libFrameworkArduino.a(system_stm32yyxx.c.o)
                0x0000000008003eaf                PLLMulTable
 .rodata.uart_init.part.0.str1.1
                0x0000000008003eb8       0x4e .pioenvs/arduino-oc1/libFrameworkArduino.a(uart.c.o)
 .rodata.CSWTCH.55
                0x0000000008003f06        0x4 .pioenvs/arduino-oc1/libFrameworkArduino.a(stm32yyxx_hal_uart.c.o)
 .rodata.CSWTCH.56
                0x0000000008003f0a        0xd .pioenvs/arduino-oc1/libFrameworkArduino.a(stm32yyxx_hal_uart.c.o)
 *fill*         0x0000000008003f17        0x1 
 .rodata.CSWTCH.6
                0x0000000008003f18       0x14 .pioenvs/arduino-oc1/libFrameworkArduino.a(PortNames.c.o)
 .rodata.CSWTCH.14
                0x0000000008003f2c        0x3 .pioenvs/arduino-oc1/libFrameworkArduino.a(analog.c.o)
 .rodata.enableClock.str1.1
                0x0000000008003f2f       0x5a .pioenvs/arduino-oc1/libFrameworkArduino.a(clock.c.o)
 .rodata.__assert_func.str1.1
                0x0000000008003f89       0x3c /home/tve/.platformio/packages/toolchain-gccarmnoneeabi/bin/../lib/gcc/arm-none-eabi/7.2.1/../../../../arm-none-eabi/lib/thumb/v6-m/libc_nano.a(lib_a-assert.o)
                                         0x3d (size before relaxing)
 *fill*         0x0000000008003fc5        0x3 
 .rodata._global_impure_ptr
                0x0000000008003fc8        0x4 /home/tve/.platformio/packages/toolchain-gccarmnoneeabi/bin/../lib/gcc/arm-none-eabi/7.2.1/../../../../arm-none-eabi/lib/thumb/v6-m/libc_nano.a(lib_a-impure.o)
                0x0000000008003fc8                _global_impure_ptr
 .rodata._vfprintf_r.str1.1
                0x0000000008003fcc       0x11 /home/tve/.platformio/packages/toolchain-gccarmnoneeabi/bin/../lib/gcc/arm-none-eabi/7.2.1/../../../../arm-none-eabi/lib/thumb/v6-m/libc_nano.a(lib_a-nano-vfprintf.o)
 .rodata._printf_i.str1.1
                0x0000000008003fdd       0x22 /home/tve/.platformio/packages/toolchain-gccarmnoneeabi/bin/../lib/gcc/arm-none-eabi/7.2.1/../../../../arm-none-eabi/lib/thumb/v6-m/libc_nano.a(lib_a-nano-vfprintf_i.o)
 *fill*         0x0000000008003fff        0x1 
 .rodata.__sf_fake_stderr
                0x0000000008004000       0x20 /home/tve/.platformio/packages/toolchain-gccarmnoneeabi/bin/../lib/gcc/arm-none-eabi/7.2.1/../../../../arm-none-eabi/lib/thumb/v6-m/libc_nano.a(lib_a-findfp.o)
                0x0000000008004000                __sf_fake_stderr
 .rodata.__sf_fake_stdin
                0x0000000008004020       0x20 /home/tve/.platformio/packages/toolchain-gccarmnoneeabi/bin/../lib/gcc/arm-none-eabi/7.2.1/../../../../arm-none-eabi/lib/thumb/v6-m/libc_nano.a(lib_a-findfp.o)
                0x0000000008004020                __sf_fake_stdin
 .rodata.__sf_fake_stdout
                0x0000000008004040       0x20 /home/tve/.platformio/packages/toolchain-gccarmnoneeabi/bin/../lib/gcc/arm-none-eabi/7.2.1/../../../../arm-none-eabi/lib/thumb/v6-m/libc_nano.a(lib_a-findfp.o)
                0x0000000008004040                __sf_fake_stdout
 .rodata.PinMap_DAC
                0x0000000008004060       0x18 .pioenvs/arduino-oc1/libFrameworkArduinoVariant.a(PeripheralPins.c.o)
                0x0000000008004060                PinMap_DAC
 .rodata.PinMap_PWM
                0x0000000008004078       0xa8 .pioenvs/arduino-oc1/libFrameworkArduinoVariant.a(PeripheralPins.c.o)
                0x0000000008004078                PinMap_PWM
 .rodata.PinMap_UART_RX
                0x0000000008004120       0x60 .pioenvs/arduino-oc1/libFrameworkArduinoVariant.a(PeripheralPins.c.o)
                0x0000000008004120                PinMap_UART_RX
 .rodata.PinMap_UART_TX
                0x0000000008004180       0x60 .pioenvs/arduino-oc1/libFrameworkArduinoVariant.a(PeripheralPins.c.o)
                0x0000000008004180                PinMap_UART_TX
 .rodata.digitalPin
                0x00000000080041e0       0x3a .pioenvs/arduino-oc1/libFrameworkArduinoVariant.a(variant.cpp.o)
                0x00000000080041e0                digitalPin
                0x000000000800421c                . = ALIGN (0x4)
 *fill*         0x000000000800421a        0x2 

.ARM.extab
 *(.ARM.extab* .gnu.linkonce.armextab.*)

.ARM            0x000000000800421c        0x8
                0x000000000800421c                __exidx_start = .
 *(.ARM.exidx*)
 .ARM.exidx     0x000000000800421c        0x8 /home/tve/.platformio/packages/toolchain-gccarmnoneeabi/bin/../lib/gcc/arm-none-eabi/7.2.1/thumb/v6-m/libgcc.a(_udivmoddi4.o)
                0x0000000008004224                __exidx_end = .

.rel.dyn        0x0000000008004224        0x0
 .rel.iplt      0x0000000008004224        0x0 /home/tve/.platformio/packages/toolchain-gccarmnoneeabi/bin/../lib/gcc/arm-none-eabi/7.2.1/thumb/v6-m/crtbegin.o

.preinit_array  0x0000000008004224        0x0
                0x0000000008004224                PROVIDE (__preinit_array_start, .)
 *(.preinit_array*)
                0x0000000008004224                PROVIDE (__preinit_array_end, .)

.init_array     0x0000000008004224        0xc
                0x0000000008004224                PROVIDE (__init_array_start, .)
 *(SORT_BY_NAME(.init_array.*))
 .init_array.00101
                0x0000000008004224        0x4 .pioenvs/arduino-oc1/libFrameworkArduino.a(main.cpp.o)
 *(.init_array*)
 .init_array    0x0000000008004228        0x4 /home/tve/.platformio/packages/toolchain-gccarmnoneeabi/bin/../lib/gcc/arm-none-eabi/7.2.1/thumb/v6-m/crtbegin.o
 .init_array    0x000000000800422c        0x4 .pioenvs/arduino-oc1/libFrameworkArduino.a(HardwareSerial.cpp.o)
                0x0000000008004230                PROVIDE (__init_array_end, .)

.fini_array     0x0000000008004230        0x4
                [!provide]                        PROVIDE (__fini_array_start, .)
 *(SORT_BY_NAME(.fini_array.*))
 *(.fini_array*)
 .fini_array    0x0000000008004230        0x4 /home/tve/.platformio/packages/toolchain-gccarmnoneeabi/bin/../lib/gcc/arm-none-eabi/7.2.1/thumb/v6-m/crtbegin.o
                [!provide]                        PROVIDE (__fini_array_end, .)
                0x0000000008004234                _sidata = LOADADDR (.data)

.data           0x0000000020000000      0x104 load address 0x0000000008004234
                0x0000000020000000                . = ALIGN (0x4)
                0x0000000020000000                _sdata = .
 *(.data)
 *(.data*)
 .data.SystemCoreClock
                0x0000000020000000        0x4 .pioenvs/arduino-oc1/libFrameworkArduino.a(system_stm32yyxx.c.o)
                0x0000000020000000                SystemCoreClock
 .data.serial_debug
                0x0000000020000004       0x9c .pioenvs/arduino-oc1/libFrameworkArduino.a(uart.c.o)
 .data._impure_ptr
                0x00000000200000a0        0x4 /home/tve/.platformio/packages/toolchain-gccarmnoneeabi/bin/../lib/gcc/arm-none-eabi/7.2.1/../../../../arm-none-eabi/lib/thumb/v6-m/libc_nano.a(lib_a-impure.o)
                0x00000000200000a0                _impure_ptr
 .data.impure_data
                0x00000000200000a4       0x60 /home/tve/.platformio/packages/toolchain-gccarmnoneeabi/bin/../lib/gcc/arm-none-eabi/7.2.1/../../../../arm-none-eabi/lib/thumb/v6-m/libc_nano.a(lib_a-impure.o)
                0x0000000020000104                . = ALIGN (0x4)
                0x0000000020000104                _edata = .

.igot.plt       0x0000000020000104        0x0 load address 0x0000000008004338
 .igot.plt      0x0000000020000104        0x0 /home/tve/.platformio/packages/toolchain-gccarmnoneeabi/bin/../lib/gcc/arm-none-eabi/7.2.1/thumb/v6-m/crtbegin.o
                0x0000000020000104                . = ALIGN (0x4)

.bss            0x0000000020000104      0x24c load address 0x0000000008004338
                0x0000000020000104                _sbss = .
                0x0000000020000104                __bss_start__ = _sbss
 *(.bss)
 .bss           0x0000000020000104       0x1c /home/tve/.platformio/packages/toolchain-gccarmnoneeabi/bin/../lib/gcc/arm-none-eabi/7.2.1/thumb/v6-m/crtbegin.o
 *(.bss*)
 .bss.led       0x0000000020000120        0x1 .pioenvs/arduino-oc1/src/demo.ino.cpp.o
                0x0000000020000120                led
 *fill*         0x0000000020000121        0x3 
 .bss.Serial2   0x0000000020000124      0x134 .pioenvs/arduino-oc1/libFrameworkArduino.a(HardwareSerial.cpp.o)
                0x0000000020000124                Serial2
 .bss.rx_callback
                0x0000000020000258       0x14 .pioenvs/arduino-oc1/libFrameworkArduino.a(uart.c.o)
 .bss.rx_callback_obj
                0x000000002000026c       0x14 .pioenvs/arduino-oc1/libFrameworkArduino.a(uart.c.o)
 .bss.tx_callback
                0x0000000020000280       0x14 .pioenvs/arduino-oc1/libFrameworkArduino.a(uart.c.o)
 .bss.tx_callback_obj
                0x0000000020000294       0x14 .pioenvs/arduino-oc1/libFrameworkArduino.a(uart.c.o)
 .bss.uart_handlers
                0x00000000200002a8       0x14 .pioenvs/arduino-oc1/libFrameworkArduino.a(uart.c.o)
 .bss.g_digPinConfigured
                0x00000000200002bc       0x14 .pioenvs/arduino-oc1/libFrameworkArduino.a(wiring_digital.c.o)
                0x00000000200002bc                g_digPinConfigured
 .bss.timer_handles
                0x00000000200002d0       0x58 .pioenvs/arduino-oc1/libFrameworkArduino.a(timer.c.o)
 .bss.g_anOutputPinConfigured
                0x0000000020000328       0x14 .pioenvs/arduino-oc1/libFrameworkArduino.a(wiring_analog.c.o)
                0x0000000020000328                g_anOutputPinConfigured
 .bss.__malloc_free_list
                0x000000002000033c        0x4 /home/tve/.platformio/packages/toolchain-gccarmnoneeabi/bin/../lib/gcc/arm-none-eabi/7.2.1/../../../../arm-none-eabi/lib/thumb/v6-m/libc_nano.a(lib_a-nano-mallocr.o)
                0x000000002000033c                __malloc_free_list
 .bss.__malloc_sbrk_start
                0x0000000020000340        0x4 /home/tve/.platformio/packages/toolchain-gccarmnoneeabi/bin/../lib/gcc/arm-none-eabi/7.2.1/../../../../arm-none-eabi/lib/thumb/v6-m/libc_nano.a(lib_a-nano-mallocr.o)
                0x0000000020000340                __malloc_sbrk_start
 .bss.heap_end.4586
                0x0000000020000344        0x4 .pioenvs/arduino-oc1/libFrameworkArduino.a(syscalls_stm32.c.o)
 *(COMMON)
 COMMON         0x0000000020000348        0x4 .pioenvs/arduino-oc1/libFrameworkArduino.a(stm32yyxx_hal.c.o)
                0x0000000020000348                uwTick
 COMMON         0x000000002000034c        0x4 /home/tve/.platformio/packages/toolchain-gccarmnoneeabi/bin/../lib/gcc/arm-none-eabi/7.2.1/../../../../arm-none-eabi/lib/thumb/v6-m/libc_nano.a(lib_a-reent.o)
                0x000000002000034c                errno
                0x0000000020000350                . = ALIGN (0x4)
                0x0000000020000350                _ebss = .
                0x0000000020000350                __bss_end__ = _ebss

._user_heap_stack
                0x0000000020000350      0x600 load address 0x0000000008004338
                0x0000000020000350                . = ALIGN (0x4)
                [!provide]                        PROVIDE (end, .)
                0x0000000020000350                PROVIDE (_end, .)
                0x0000000020000550                . = (. + _Min_Heap_Size)
 *fill*         0x0000000020000350      0x200 
                0x0000000020000950                . = (. + _Min_Stack_Size)
 *fill*         0x0000000020000550      0x400 
                0x0000000020000950                . = ALIGN (0x4)

/DISCARD/
 libc.a(*)
 libm.a(*)
 libgcc.a(*)

.ARM.attributes
                0x0000000000000000       0x28
 *(.ARM.attributes)
 .ARM.attributes
                0x0000000000000000       0x1e /home/tve/.platformio/packages/toolchain-gccarmnoneeabi/bin/../lib/gcc/arm-none-eabi/7.2.1/thumb/v6-m/crti.o
 .ARM.attributes
                0x000000000000001e       0x2c /home/tve/.platformio/packages/toolchain-gccarmnoneeabi/bin/../lib/gcc/arm-none-eabi/7.2.1/thumb/v6-m/crtbegin.o
 .ARM.attributes
                0x000000000000004a       0x31 .pioenvs/arduino-oc1/src/demo.ino.cpp.o
 .ARM.attributes
                0x000000000000007b       0x31 .pioenvs/arduino-oc1/libFrameworkArduino.a(HardwareSerial.cpp.o)
 .ARM.attributes
                0x00000000000000ac       0x31 .pioenvs/arduino-oc1/libFrameworkArduino.a(Print.cpp.o)
 .ARM.attributes
                0x00000000000000dd       0x31 .pioenvs/arduino-oc1/libFrameworkArduino.a(main.cpp.o)
 .ARM.attributes
                0x000000000000010e       0x31 .pioenvs/arduino-oc1/libFrameworkArduino.a(pinmap.c.o)
 .ARM.attributes
                0x000000000000013f       0x22 .pioenvs/arduino-oc1/libFrameworkArduino.a(startup_stm32yyxx.S.o)
 .ARM.attributes
                0x0000000000000161       0x31 .pioenvs/arduino-oc1/libFrameworkArduino.a(system_stm32yyxx.c.o)
 .ARM.attributes
                0x0000000000000192       0x31 .pioenvs/arduino-oc1/libFrameworkArduino.a(uart.c.o)
 .ARM.attributes
                0x00000000000001c3       0x31 .pioenvs/arduino-oc1/libFrameworkArduino.a(wiring_digital.c.o)
 .ARM.attributes
                0x00000000000001f4       0x31 .pioenvs/arduino-oc1/libFrameworkArduino.a(wiring_time.c.o)
 .ARM.attributes
                0x0000000000000225       0x31 .pioenvs/arduino-oc1/libFrameworkArduino.a(board.c.o)
 .ARM.attributes
                0x0000000000000256       0x31 .pioenvs/arduino-oc1/libFrameworkArduino.a(hooks.c.o)
 .ARM.attributes
                0x0000000000000287       0x31 .pioenvs/arduino-oc1/libFrameworkArduino.a(stm32yyxx_hal.c.o)
 .ARM.attributes
                0x00000000000002b8       0x31 .pioenvs/arduino-oc1/libFrameworkArduino.a(stm32yyxx_hal_cortex.c.o)
 .ARM.attributes
                0x00000000000002e9       0x31 .pioenvs/arduino-oc1/libFrameworkArduino.a(stm32yyxx_hal_gpio.c.o)
 .ARM.attributes
                0x000000000000031a       0x31 .pioenvs/arduino-oc1/libFrameworkArduino.a(stm32yyxx_hal_uart.c.o)
 .ARM.attributes
                0x000000000000034b       0x31 .pioenvs/arduino-oc1/libFrameworkArduino.a(stm32yyxx_hal_uart_ex.c.o)
 .ARM.attributes
                0x000000000000037c       0x31 .pioenvs/arduino-oc1/libFrameworkArduino.a(PinConfigured.c.o)
 .ARM.attributes
                0x00000000000003ad       0x31 .pioenvs/arduino-oc1/libFrameworkArduino.a(PortNames.c.o)
 .ARM.attributes
                0x00000000000003de       0x31 .pioenvs/arduino-oc1/libFrameworkArduino.a(analog.c.o)
 .ARM.attributes
                0x000000000000040f       0x31 .pioenvs/arduino-oc1/libFrameworkArduino.a(clock.c.o)
 .ARM.attributes
                0x0000000000000440       0x31 .pioenvs/arduino-oc1/libFrameworkArduino.a(digital_io.c.o)
 .ARM.attributes
                0x0000000000000471       0x31 .pioenvs/arduino-oc1/libFrameworkArduino.a(hw_config.c.o)
 .ARM.attributes
                0x00000000000004a2       0x31 .pioenvs/arduino-oc1/libFrameworkArduino.a(stm32_def.c.o)
 .ARM.attributes
                0x00000000000004d3       0x31 .pioenvs/arduino-oc1/libFrameworkArduino.a(timer.c.o)
 .ARM.attributes
                0x0000000000000504       0x31 .pioenvs/arduino-oc1/libFrameworkArduino.a(wiring_analog.c.o)
 .ARM.attributes
                0x0000000000000535       0x31 .pioenvs/arduino-oc1/libFrameworkArduino.a(stm32yyxx_hal_dac.c.o)
 .ARM.attributes
                0x0000000000000566       0x31 .pioenvs/arduino-oc1/libFrameworkArduino.a(stm32yyxx_hal_dma.c.o)
 .ARM.attributes
                0x0000000000000597       0x31 .pioenvs/arduino-oc1/libFrameworkArduino.a(stm32yyxx_hal_pwr.c.o)
 .ARM.attributes
                0x00000000000005c8       0x31 .pioenvs/arduino-oc1/libFrameworkArduino.a(stm32yyxx_hal_rcc.c.o)
 .ARM.attributes
                0x00000000000005f9       0x31 .pioenvs/arduino-oc1/libFrameworkArduino.a(stm32yyxx_hal_rcc_ex.c.o)
 .ARM.attributes
                0x000000000000062a       0x31 .pioenvs/arduino-oc1/libFrameworkArduino.a(stm32yyxx_hal_tim.c.o)
 .ARM.attributes
                0x000000000000065b       0x1e /home/tve/.platformio/packages/toolchain-gccarmnoneeabi/bin/../lib/gcc/arm-none-eabi/7.2.1/thumb/v6-m/libgcc.a(_thumb1_case_uqi.o)
 .ARM.attributes
                0x0000000000000679       0x1e /home/tve/.platformio/packages/toolchain-gccarmnoneeabi/bin/../lib/gcc/arm-none-eabi/7.2.1/thumb/v6-m/libgcc.a(_udivsi3.o)
 .ARM.attributes
                0x0000000000000697       0x1e /home/tve/.platformio/packages/toolchain-gccarmnoneeabi/bin/../lib/gcc/arm-none-eabi/7.2.1/thumb/v6-m/libgcc.a(_dvmd_tls.o)
 .ARM.attributes
                0x00000000000006b5       0x1e /home/tve/.platformio/packages/toolchain-gccarmnoneeabi/bin/../lib/gcc/arm-none-eabi/7.2.1/thumb/v6-m/libgcc.a(_aeabi_uldivmod.o)
 .ARM.attributes
                0x00000000000006d3       0x2c /home/tve/.platformio/packages/toolchain-gccarmnoneeabi/bin/../lib/gcc/arm-none-eabi/7.2.1/thumb/v6-m/libgcc.a(_udivmoddi4.o)
 .ARM.attributes
                0x00000000000006ff       0x1e /home/tve/.platformio/packages/toolchain-gccarmnoneeabi/bin/../lib/gcc/arm-none-eabi/7.2.1/thumb/v6-m/libgcc.a(_clzsi2.o)
 .ARM.attributes
                0x000000000000071d       0x1e /home/tve/.platformio/packages/toolchain-gccarmnoneeabi/bin/../lib/gcc/arm-none-eabi/7.2.1/thumb/v6-m/libgcc.a(_clzdi2.o)
 .ARM.attributes
                0x000000000000073b       0x2c /home/tve/.platformio/packages/toolchain-gccarmnoneeabi/bin/../lib/gcc/arm-none-eabi/7.2.1/../../../../arm-none-eabi/lib/thumb/v6-m/libc_nano.a(lib_a-assert.o)
 .ARM.attributes
                0x0000000000000767       0x2c /home/tve/.platformio/packages/toolchain-gccarmnoneeabi/bin/../lib/gcc/arm-none-eabi/7.2.1/../../../../arm-none-eabi/lib/thumb/v6-m/libc_nano.a(lib_a-fprintf.o)
 .ARM.attributes
                0x0000000000000793       0x2c /home/tve/.platformio/packages/toolchain-gccarmnoneeabi/bin/../lib/gcc/arm-none-eabi/7.2.1/../../../../arm-none-eabi/lib/thumb/v6-m/libc_nano.a(lib_a-impure.o)
 .ARM.attributes
                0x00000000000007bf       0x2c /home/tve/.platformio/packages/toolchain-gccarmnoneeabi/bin/../lib/gcc/arm-none-eabi/7.2.1/../../../../arm-none-eabi/lib/thumb/v6-m/libc_nano.a(lib_a-init.o)
 .ARM.attributes
                0x00000000000007eb       0x2c /home/tve/.platformio/packages/toolchain-gccarmnoneeabi/bin/../lib/gcc/arm-none-eabi/7.2.1/../../../../arm-none-eabi/lib/thumb/v6-m/libc_nano.a(lib_a-memset.o)
 .ARM.attributes
                0x0000000000000817       0x2c /home/tve/.platformio/packages/toolchain-gccarmnoneeabi/bin/../lib/gcc/arm-none-eabi/7.2.1/../../../../arm-none-eabi/lib/thumb/v6-m/libc_nano.a(lib_a-nano-vfprintf.o)
 .ARM.attributes
                0x0000000000000843       0x2c /home/tve/.platformio/packages/toolchain-gccarmnoneeabi/bin/../lib/gcc/arm-none-eabi/7.2.1/../../../../arm-none-eabi/lib/thumb/v6-m/libc_nano.a(lib_a-nano-vfprintf_i.o)
 .ARM.attributes
                0x000000000000086f       0x2c /home/tve/.platformio/packages/toolchain-gccarmnoneeabi/bin/../lib/gcc/arm-none-eabi/7.2.1/../../../../arm-none-eabi/lib/thumb/v6-m/libc_nano.a(lib_a-printf.o)
 .ARM.attributes
                0x000000000000089b       0x1c /home/tve/.platformio/packages/toolchain-gccarmnoneeabi/bin/../lib/gcc/arm-none-eabi/7.2.1/../../../../arm-none-eabi/lib/thumb/v6-m/libc_nano.a(lib_a-strlen.o)
 .ARM.attributes
                0x00000000000008b7       0x2c /home/tve/.platformio/packages/toolchain-gccarmnoneeabi/bin/../lib/gcc/arm-none-eabi/7.2.1/../../../../arm-none-eabi/lib/thumb/v6-m/libc_nano.a(lib_a-wbuf.o)
 .ARM.attributes
                0x00000000000008e3       0x2c /home/tve/.platformio/packages/toolchain-gccarmnoneeabi/bin/../lib/gcc/arm-none-eabi/7.2.1/../../../../arm-none-eabi/lib/thumb/v6-m/libc_nano.a(lib_a-wsetup.o)
 .ARM.attributes
                0x000000000000090f       0x2c /home/tve/.platformio/packages/toolchain-gccarmnoneeabi/bin/../lib/gcc/arm-none-eabi/7.2.1/../../../../arm-none-eabi/lib/thumb/v6-m/libc_nano.a(lib_a-abort.o)
 .ARM.attributes
                0x000000000000093b       0x2c /home/tve/.platformio/packages/toolchain-gccarmnoneeabi/bin/../lib/gcc/arm-none-eabi/7.2.1/../../../../arm-none-eabi/lib/thumb/v6-m/libc_nano.a(lib_a-fflush.o)
 .ARM.attributes
                0x0000000000000967       0x2c /home/tve/.platformio/packages/toolchain-gccarmnoneeabi/bin/../lib/gcc/arm-none-eabi/7.2.1/../../../../arm-none-eabi/lib/thumb/v6-m/libc_nano.a(lib_a-findfp.o)
 .ARM.attributes
                0x0000000000000993       0x2c /home/tve/.platformio/packages/toolchain-gccarmnoneeabi/bin/../lib/gcc/arm-none-eabi/7.2.1/../../../../arm-none-eabi/lib/thumb/v6-m/libc_nano.a(lib_a-fwalk.o)
 .ARM.attributes
                0x00000000000009bf       0x2c /home/tve/.platformio/packages/toolchain-gccarmnoneeabi/bin/../lib/gcc/arm-none-eabi/7.2.1/../../../../arm-none-eabi/lib/thumb/v6-m/libc_nano.a(lib_a-makebuf.o)
 .ARM.attributes
                0x00000000000009eb       0x2c /home/tve/.platformio/packages/toolchain-gccarmnoneeabi/bin/../lib/gcc/arm-none-eabi/7.2.1/../../../../arm-none-eabi/lib/thumb/v6-m/libc_nano.a(lib_a-memchr-stub.o)
 .ARM.attributes
                0x0000000000000a17       0x2c /home/tve/.platformio/packages/toolchain-gccarmnoneeabi/bin/../lib/gcc/arm-none-eabi/7.2.1/../../../../arm-none-eabi/lib/thumb/v6-m/libc_nano.a(lib_a-nano-freer.o)
 .ARM.attributes
                0x0000000000000a43       0x2c /home/tve/.platformio/packages/toolchain-gccarmnoneeabi/bin/../lib/gcc/arm-none-eabi/7.2.1/../../../../arm-none-eabi/lib/thumb/v6-m/libc_nano.a(lib_a-nano-mallocr.o)
 .ARM.attributes
                0x0000000000000a6f       0x2c /home/tve/.platformio/packages/toolchain-gccarmnoneeabi/bin/../lib/gcc/arm-none-eabi/7.2.1/../../../../arm-none-eabi/lib/thumb/v6-m/libc_nano.a(lib_a-sbrkr.o)
 .ARM.attributes
                0x0000000000000a9b       0x2c /home/tve/.platformio/packages/toolchain-gccarmnoneeabi/bin/../lib/gcc/arm-none-eabi/7.2.1/../../../../arm-none-eabi/lib/thumb/v6-m/libc_nano.a(lib_a-signal.o)
 .ARM.attributes
                0x0000000000000ac7       0x2c /home/tve/.platformio/packages/toolchain-gccarmnoneeabi/bin/../lib/gcc/arm-none-eabi/7.2.1/../../../../arm-none-eabi/lib/thumb/v6-m/libc_nano.a(lib_a-signalr.o)
 .ARM.attributes
                0x0000000000000af3       0x2c /home/tve/.platformio/packages/toolchain-gccarmnoneeabi/bin/../lib/gcc/arm-none-eabi/7.2.1/../../../../arm-none-eabi/lib/thumb/v6-m/libc_nano.a(lib_a-stdio.o)
 .ARM.attributes
                0x0000000000000b1f       0x2c /home/tve/.platformio/packages/toolchain-gccarmnoneeabi/bin/../lib/gcc/arm-none-eabi/7.2.1/../../../../arm-none-eabi/lib/thumb/v6-m/libc_nano.a(lib_a-writer.o)
 .ARM.attributes
                0x0000000000000b4b       0x2c /home/tve/.platformio/packages/toolchain-gccarmnoneeabi/bin/../lib/gcc/arm-none-eabi/7.2.1/../../../../arm-none-eabi/lib/thumb/v6-m/libc_nano.a(lib_a-closer.o)
 .ARM.attributes
                0x0000000000000b77       0x2c /home/tve/.platformio/packages/toolchain-gccarmnoneeabi/bin/../lib/gcc/arm-none-eabi/7.2.1/../../../../arm-none-eabi/lib/thumb/v6-m/libc_nano.a(lib_a-fstatr.o)
 .ARM.attributes
                0x0000000000000ba3       0x2c /home/tve/.platformio/packages/toolchain-gccarmnoneeabi/bin/../lib/gcc/arm-none-eabi/7.2.1/../../../../arm-none-eabi/lib/thumb/v6-m/libc_nano.a(lib_a-isattyr.o)
 .ARM.attributes
                0x0000000000000bcf       0x2c /home/tve/.platformio/packages/toolchain-gccarmnoneeabi/bin/../lib/gcc/arm-none-eabi/7.2.1/../../../../arm-none-eabi/lib/thumb/v6-m/libc_nano.a(lib_a-lseekr.o)
 .ARM.attributes
                0x0000000000000bfb       0x2c /home/tve/.platformio/packages/toolchain-gccarmnoneeabi/bin/../lib/gcc/arm-none-eabi/7.2.1/../../../../arm-none-eabi/lib/thumb/v6-m/libc_nano.a(lib_a-mlock.o)
 .ARM.attributes
                0x0000000000000c27       0x2c /home/tve/.platformio/packages/toolchain-gccarmnoneeabi/bin/../lib/gcc/arm-none-eabi/7.2.1/../../../../arm-none-eabi/lib/thumb/v6-m/libc_nano.a(lib_a-readr.o)
 .ARM.attributes
                0x0000000000000c53       0x2c /home/tve/.platformio/packages/toolchain-gccarmnoneeabi/bin/../lib/gcc/arm-none-eabi/7.2.1/../../../../arm-none-eabi/lib/thumb/v6-m/libc_nano.a(lib_a-reent.o)
 .ARM.attributes
                0x0000000000000c7f       0x31 .pioenvs/arduino-oc1/libFrameworkArduinoVariant.a(PeripheralPins.c.o)
 .ARM.attributes
                0x0000000000000cb0       0x31 .pioenvs/arduino-oc1/libFrameworkArduinoVariant.a(variant.cpp.o)
 .ARM.attributes
                0x0000000000000ce1       0x31 .pioenvs/arduino-oc1/libFrameworkArduino.a(syscalls_stm32.c.o)
 .ARM.attributes
                0x0000000000000d12       0x1e /home/tve/.platformio/packages/toolchain-gccarmnoneeabi/bin/../lib/gcc/arm-none-eabi/7.2.1/thumb/v6-m/crtn.o
OUTPUT(.pioenvs/arduino-oc1/firmware.elf elf32-littlearm)

.comment        0x0000000000000000       0x7e
 .comment       0x0000000000000000       0x7e .pioenvs/arduino-oc1/src/demo.ino.cpp.o
                                         0x7f (size before relaxing)
 .comment       0x000000000000007e       0x7f .pioenvs/arduino-oc1/libFrameworkArduino.a(HardwareSerial.cpp.o)
 .comment       0x000000000000007e       0x7f .pioenvs/arduino-oc1/libFrameworkArduino.a(Print.cpp.o)
 .comment       0x000000000000007e       0x7f .pioenvs/arduino-oc1/libFrameworkArduino.a(main.cpp.o)
 .comment       0x000000000000007e       0x7f .pioenvs/arduino-oc1/libFrameworkArduino.a(pinmap.c.o)
 .comment       0x000000000000007e       0x7f .pioenvs/arduino-oc1/libFrameworkArduino.a(system_stm32yyxx.c.o)
 .comment       0x000000000000007e       0x7f .pioenvs/arduino-oc1/libFrameworkArduino.a(uart.c.o)
 .comment       0x000000000000007e       0x7f .pioenvs/arduino-oc1/libFrameworkArduino.a(wiring_digital.c.o)
 .comment       0x000000000000007e       0x7f .pioenvs/arduino-oc1/libFrameworkArduino.a(wiring_time.c.o)
 .comment       0x000000000000007e       0x7f .pioenvs/arduino-oc1/libFrameworkArduino.a(board.c.o)
 .comment       0x000000000000007e       0x7f .pioenvs/arduino-oc1/libFrameworkArduino.a(hooks.c.o)
 .comment       0x000000000000007e       0x7f .pioenvs/arduino-oc1/libFrameworkArduino.a(stm32yyxx_hal.c.o)
 .comment       0x000000000000007e       0x7f .pioenvs/arduino-oc1/libFrameworkArduino.a(stm32yyxx_hal_cortex.c.o)
 .comment       0x000000000000007e       0x7f .pioenvs/arduino-oc1/libFrameworkArduino.a(stm32yyxx_hal_gpio.c.o)
 .comment       0x000000000000007e       0x7f .pioenvs/arduino-oc1/libFrameworkArduino.a(stm32yyxx_hal_uart.c.o)
 .comment       0x000000000000007e       0x7f .pioenvs/arduino-oc1/libFrameworkArduino.a(stm32yyxx_hal_uart_ex.c.o)
 .comment       0x000000000000007e       0x7f .pioenvs/arduino-oc1/libFrameworkArduino.a(PinConfigured.c.o)
 .comment       0x000000000000007e       0x7f .pioenvs/arduino-oc1/libFrameworkArduino.a(PortNames.c.o)
 .comment       0x000000000000007e       0x7f .pioenvs/arduino-oc1/libFrameworkArduino.a(analog.c.o)
 .comment       0x000000000000007e       0x7f .pioenvs/arduino-oc1/libFrameworkArduino.a(clock.c.o)
 .comment       0x000000000000007e       0x7f .pioenvs/arduino-oc1/libFrameworkArduino.a(digital_io.c.o)
 .comment       0x000000000000007e       0x7f .pioenvs/arduino-oc1/libFrameworkArduino.a(hw_config.c.o)
 .comment       0x000000000000007e       0x7f .pioenvs/arduino-oc1/libFrameworkArduino.a(stm32_def.c.o)
 .comment       0x000000000000007e       0x7f .pioenvs/arduino-oc1/libFrameworkArduino.a(timer.c.o)
 .comment       0x000000000000007e       0x7f .pioenvs/arduino-oc1/libFrameworkArduino.a(wiring_analog.c.o)
 .comment       0x000000000000007e       0x7f .pioenvs/arduino-oc1/libFrameworkArduino.a(stm32yyxx_hal_dac.c.o)
 .comment       0x000000000000007e       0x7f .pioenvs/arduino-oc1/libFrameworkArduino.a(stm32yyxx_hal_dma.c.o)
 .comment       0x000000000000007e       0x7f .pioenvs/arduino-oc1/libFrameworkArduino.a(stm32yyxx_hal_pwr.c.o)
 .comment       0x000000000000007e       0x7f .pioenvs/arduino-oc1/libFrameworkArduino.a(stm32yyxx_hal_rcc.c.o)
 .comment       0x000000000000007e       0x7f .pioenvs/arduino-oc1/libFrameworkArduino.a(stm32yyxx_hal_rcc_ex.c.o)
 .comment       0x000000000000007e       0x7f .pioenvs/arduino-oc1/libFrameworkArduino.a(stm32yyxx_hal_tim.c.o)
 .comment       0x000000000000007e       0x7f .pioenvs/arduino-oc1/libFrameworkArduinoVariant.a(PeripheralPins.c.o)
 .comment       0x000000000000007e       0x7f .pioenvs/arduino-oc1/libFrameworkArduinoVariant.a(variant.cpp.o)
 .comment       0x000000000000007e       0x7f .pioenvs/arduino-oc1/libFrameworkArduino.a(syscalls_stm32.c.o)

.debug_frame    0x0000000000000000      0x940
 .debug_frame   0x0000000000000000       0x20 /home/tve/.platformio/packages/toolchain-gccarmnoneeabi/bin/../lib/gcc/arm-none-eabi/7.2.1/thumb/v6-m/libgcc.a(_udivsi3.o)
 .debug_frame   0x0000000000000020       0x3c /home/tve/.platformio/packages/toolchain-gccarmnoneeabi/bin/../lib/gcc/arm-none-eabi/7.2.1/thumb/v6-m/libgcc.a(_udivmoddi4.o)
 .debug_frame   0x000000000000005c       0x44 /home/tve/.platformio/packages/toolchain-gccarmnoneeabi/bin/../lib/gcc/arm-none-eabi/7.2.1/../../../../arm-none-eabi/lib/thumb/v6-m/libc_nano.a(lib_a-assert.o)
 .debug_frame   0x00000000000000a0       0x4c /home/tve/.platformio/packages/toolchain-gccarmnoneeabi/bin/../lib/gcc/arm-none-eabi/7.2.1/../../../../arm-none-eabi/lib/thumb/v6-m/libc_nano.a(lib_a-fprintf.o)
 .debug_frame   0x00000000000000ec       0x2c /home/tve/.platformio/packages/toolchain-gccarmnoneeabi/bin/../lib/gcc/arm-none-eabi/7.2.1/../../../../arm-none-eabi/lib/thumb/v6-m/libc_nano.a(lib_a-init.o)
 .debug_frame   0x0000000000000118       0x20 /home/tve/.platformio/packages/toolchain-gccarmnoneeabi/bin/../lib/gcc/arm-none-eabi/7.2.1/../../../../arm-none-eabi/lib/thumb/v6-m/libc_nano.a(lib_a-memset.o)
 .debug_frame   0x0000000000000138       0x9c /home/tve/.platformio/packages/toolchain-gccarmnoneeabi/bin/../lib/gcc/arm-none-eabi/7.2.1/../../../../arm-none-eabi/lib/thumb/v6-m/libc_nano.a(lib_a-nano-vfprintf.o)
 .debug_frame   0x00000000000001d4       0x54 /home/tve/.platformio/packages/toolchain-gccarmnoneeabi/bin/../lib/gcc/arm-none-eabi/7.2.1/../../../../arm-none-eabi/lib/thumb/v6-m/libc_nano.a(lib_a-nano-vfprintf_i.o)
 .debug_frame   0x0000000000000228       0x50 /home/tve/.platformio/packages/toolchain-gccarmnoneeabi/bin/../lib/gcc/arm-none-eabi/7.2.1/../../../../arm-none-eabi/lib/thumb/v6-m/libc_nano.a(lib_a-printf.o)
 .debug_frame   0x0000000000000278       0x48 /home/tve/.platformio/packages/toolchain-gccarmnoneeabi/bin/../lib/gcc/arm-none-eabi/7.2.1/../../../../arm-none-eabi/lib/thumb/v6-m/libc_nano.a(lib_a-wbuf.o)
 .debug_frame   0x00000000000002c0       0x2c /home/tve/.platformio/packages/toolchain-gccarmnoneeabi/bin/../lib/gcc/arm-none-eabi/7.2.1/../../../../arm-none-eabi/lib/thumb/v6-m/libc_nano.a(lib_a-wsetup.o)
 .debug_frame   0x00000000000002ec       0x28 /home/tve/.platformio/packages/toolchain-gccarmnoneeabi/bin/../lib/gcc/arm-none-eabi/7.2.1/../../../../arm-none-eabi/lib/thumb/v6-m/libc_nano.a(lib_a-abort.o)
 .debug_frame   0x0000000000000314       0x68 /home/tve/.platformio/packages/toolchain-gccarmnoneeabi/bin/../lib/gcc/arm-none-eabi/7.2.1/../../../../arm-none-eabi/lib/thumb/v6-m/libc_nano.a(lib_a-fflush.o)
 .debug_frame   0x000000000000037c      0x140 /home/tve/.platformio/packages/toolchain-gccarmnoneeabi/bin/../lib/gcc/arm-none-eabi/7.2.1/../../../../arm-none-eabi/lib/thumb/v6-m/libc_nano.a(lib_a-findfp.o)
 .debug_frame   0x00000000000004bc       0x58 /home/tve/.platformio/packages/toolchain-gccarmnoneeabi/bin/../lib/gcc/arm-none-eabi/7.2.1/../../../../arm-none-eabi/lib/thumb/v6-m/libc_nano.a(lib_a-fwalk.o)
 .debug_frame   0x0000000000000514       0x54 /home/tve/.platformio/packages/toolchain-gccarmnoneeabi/bin/../lib/gcc/arm-none-eabi/7.2.1/../../../../arm-none-eabi/lib/thumb/v6-m/libc_nano.a(lib_a-makebuf.o)
 .debug_frame   0x0000000000000568       0x20 /home/tve/.platformio/packages/toolchain-gccarmnoneeabi/bin/../lib/gcc/arm-none-eabi/7.2.1/../../../../arm-none-eabi/lib/thumb/v6-m/libc_nano.a(lib_a-memchr-stub.o)
 .debug_frame   0x0000000000000588       0x2c /home/tve/.platformio/packages/toolchain-gccarmnoneeabi/bin/../lib/gcc/arm-none-eabi/7.2.1/../../../../arm-none-eabi/lib/thumb/v6-m/libc_nano.a(lib_a-nano-freer.o)
 .debug_frame   0x00000000000005b4       0x2c /home/tve/.platformio/packages/toolchain-gccarmnoneeabi/bin/../lib/gcc/arm-none-eabi/7.2.1/../../../../arm-none-eabi/lib/thumb/v6-m/libc_nano.a(lib_a-nano-mallocr.o)
 .debug_frame   0x00000000000005e0       0x2c /home/tve/.platformio/packages/toolchain-gccarmnoneeabi/bin/../lib/gcc/arm-none-eabi/7.2.1/../../../../arm-none-eabi/lib/thumb/v6-m/libc_nano.a(lib_a-sbrkr.o)
 .debug_frame   0x000000000000060c       0xe0 /home/tve/.platformio/packages/toolchain-gccarmnoneeabi/bin/../lib/gcc/arm-none-eabi/7.2.1/../../../../arm-none-eabi/lib/thumb/v6-m/libc_nano.a(lib_a-signal.o)
 .debug_frame   0x00000000000006ec       0x44 /home/tve/.platformio/packages/toolchain-gccarmnoneeabi/bin/../lib/gcc/arm-none-eabi/7.2.1/../../../../arm-none-eabi/lib/thumb/v6-m/libc_nano.a(lib_a-signalr.o)
 .debug_frame   0x0000000000000730       0x90 /home/tve/.platformio/packages/toolchain-gccarmnoneeabi/bin/../lib/gcc/arm-none-eabi/7.2.1/../../../../arm-none-eabi/lib/thumb/v6-m/libc_nano.a(lib_a-stdio.o)
 .debug_frame   0x00000000000007c0       0x2c /home/tve/.platformio/packages/toolchain-gccarmnoneeabi/bin/../lib/gcc/arm-none-eabi/7.2.1/../../../../arm-none-eabi/lib/thumb/v6-m/libc_nano.a(lib_a-writer.o)
 .debug_frame   0x00000000000007ec       0x2c /home/tve/.platformio/packages/toolchain-gccarmnoneeabi/bin/../lib/gcc/arm-none-eabi/7.2.1/../../../../arm-none-eabi/lib/thumb/v6-m/libc_nano.a(lib_a-closer.o)
 .debug_frame   0x0000000000000818       0x2c /home/tve/.platformio/packages/toolchain-gccarmnoneeabi/bin/../lib/gcc/arm-none-eabi/7.2.1/../../../../arm-none-eabi/lib/thumb/v6-m/libc_nano.a(lib_a-fstatr.o)
 .debug_frame   0x0000000000000844       0x2c /home/tve/.platformio/packages/toolchain-gccarmnoneeabi/bin/../lib/gcc/arm-none-eabi/7.2.1/../../../../arm-none-eabi/lib/thumb/v6-m/libc_nano.a(lib_a-isattyr.o)
 .debug_frame   0x0000000000000870       0x2c /home/tve/.platformio/packages/toolchain-gccarmnoneeabi/bin/../lib/gcc/arm-none-eabi/7.2.1/../../../../arm-none-eabi/lib/thumb/v6-m/libc_nano.a(lib_a-lseekr.o)
 .debug_frame   0x000000000000089c       0x30 /home/tve/.platformio/packages/toolchain-gccarmnoneeabi/bin/../lib/gcc/arm-none-eabi/7.2.1/../../../../arm-none-eabi/lib/thumb/v6-m/libc_nano.a(lib_a-mlock.o)
 .debug_frame   0x00000000000008cc       0x2c /home/tve/.platformio/packages/toolchain-gccarmnoneeabi/bin/../lib/gcc/arm-none-eabi/7.2.1/../../../../arm-none-eabi/lib/thumb/v6-m/libc_nano.a(lib_a-readr.o)
 .debug_frame   0x00000000000008f8       0x48 /home/tve/.platformio/packages/toolchain-gccarmnoneeabi/bin/../lib/gcc/arm-none-eabi/7.2.1/../../../../arm-none-eabi/lib/thumb/v6-m/libc_nano.a(lib_a-reent.o)
